# convert xlsx data files to csv in command line using csvkit
  http://csvkit.readthedocs.io/en/1.0.2/tutorial/3_power_tools.html#csvstack-combining-subsets
  https://github.com/utdata/csvkit-nicar2018/blob/master/README.md

$ sudo pip install csvkit
$ pwd
  /Users/Dani
$ cd ~/Desktop/AEM_project_data_files/
  /Users/Dani/Desktop/AEM_project_data_files
$ in2csv 2010.xlsx > 2010.csv
$ in2csv 2011.xlsx > 2011.csv
$ in2csv 2012.xlsx > 2012.csv
$ in2csv 2013.xlsx > 2013.csv
$ in2csv 2014.xlsx > 2014.csv
$ in2csv 2015.xlsx > 2015.csv
$ in2csv 2016.xlsx > 2016.csv
$ in2csv 2017.xlsx > 2017.csv
$ in2csv 2018.xlsx > 2018.csv

# check column layouts
  $ csvcut -n 2010.csv
    1: CASE_NUMBER
    2: CASE_STATUS
    3: PW_REDETERMINATION_DATE
    4: APPLICATION_TYPE
    5: EMPLOYER_LEGAL_BUSINESS_NAME
    6: EMPLOYER_TRADE_DBA_NAME
    7: EMPLOYER_ADDRESS_1
    8: EMPLOYER_ADDRESS_2
    9: EMPLOYER_CITY
    10: EMPLOYER_STATE
    11: EMPLOYER_POSTAL_CODE
    12: NAICS_US_CODE
    13: PW_JOB_TITLE
    14: SUPERVISE_OTHER_EMP
    15: TRAVEL_REQUIRED
    16: PRIMARY_EDUCATION_LEVEL
    17: TRAINING_REQUIRED
    18: EMP_EXPERIENCE_REQUIRED
    19: EMP_EXPERIENCE_MONTHS
    20: PRIMARY_WORKSITE_CITY
    21: PRIMARY_WORKSITE_COUNTY
    22: PRIMARY_WORKSITE_STATE
    23: PRIMARY_WORKSITE_POSTAL_CODE
    24: ADDITIONAL_WORKSITE_LOCATIONS
    25: PWD_SOC_CODE
    26: PWD_SOC_TITLE
    27: PWD_WAGE_RATE
    28: PWD_UNIT_OF_PAY
    29: PWD_WAGE_LEVEL
    30: PWD_WAGE_SOURCE
    31: PW_DETERMINATION_DATE
    32: PWD_WAGE_EXPIRATION_DATE
  $ csvcut -n 2011.csv
    1: CASE_NUMBER
    2: STATUS
    3: PW_REDETERMINATION_DATE
    4: PW_WITHDRAWAL_DATE
    5: VISA_CLASS
    6: EMPLOYER_LEGAL_BUSINESS_NAME
    7: EMPLOYER_TRADE_DBA_NAME
    8: EMPLOYER_ADDRESS_1
    9: EMPLOYER_ADDRESS_2
    10: EMPLOYER_CITY
    11: EMPLOYER_STATE
    12: EMPLOYER_POSTAL_CODE
    13: NAICS_US_CODE
    14: PW_JOB_TITLE
    15: SUPERVISE_OTHER_EMP
    16: TRAVEL_REQUIRED
    17: PRIMARY_EDUCATION_LEVEL
    18: TRAINING_REQUIRED
    19: EMP_EXPERIENCE_REQUIRED
    20: EMP_EXPERIENCE_MONTHS
    21: PRIMARY_WORKSITE_CITY
    22: PRIMARY_WORKSITE_COUNTY
    23: PRIMARY_WORKSITE_STATE
    24: PRIMARY_WORKSITE_POSTAL_CODE
    25: PWD_SOC_CODE
    26: PW_SOC_TITLE
    27: PWD_WAGE_RATE
    28: PWD_UNIT_OF_PAY
    29: PWD_WAGE_LEVEL
    30: PWD_WAGE_SOURCE
    31: PW_DETERMINATION_DATE
    32: PWD_WAGE_EXPIRATION_DATE
  $ csvcut -n 2012.csv
    1: CASE_NUMBER
    2: PW_DETERMINATION_DATE
    3: PW_REDETERMINATION_DATE
    4: PW_WITHDRAWAL_DATE
    5: CASE_STATUS
    6: VISA_CLASS
    7: EMPLYER_LEGAL_BUSINESS_NAME
    8: EMPLOYER_TRADE_DBA_NAME
    9: EMPLOYER_ADDRESS_1
    10: EMPLOYER_ADDRESS_2
    11: EMPLOYER_CITY
    12: EMPLOYER_STATE
    13: EMPLOYER_POSTAL_CODE
    14: NAIC_US_CODE
    15: PW_JOB_TITLE
    16: SUPERVISE_OTHER_EMP
    17: TRAVEL_REQUIRED
    18: PRIMARY_EDUCATION_LEVEL
    19: TRAINING_REQUIRED
    20: EMP_EXPERIENCE_REQUIRED
    21: EMP_EXPERIENCE_MONTHS
    22: PRIMARY_WORKSITE_CITY
    23: PRIMARY_WORKSITE_COUNTY
    24: PRIMARY_WORKSITE_STATE
    25: PRIMARY_WORKSITE_POSTAL_CODE
    26: PWD_SOC_CODE
    27: PWD_SOC_CODE_TITLE
    28: PWD_WAGE_RATE
    29: PWD_WAGE_LEVEL
    30: PW_UNIT_OF_PAY
    31: PWD_WAGE_SOURCE
    32: PWD_WAGE_EXPIRATION_DATE
  $ csvcut -n 2013.csv
    1: CASE_NUMBER
    2: PW_DETERM_DATE
    3: PW_REDETERMINATION_DATE
    4: PW_WITHDRAWAL_DATE
    5: CASE_STATUS
    6: VISA_CLASS
    7: EMPLOYER_LEGAL_BUSINESS_NAME
    8: EMPLOYER_TRADE_DBA_NAME
    9: EMPLOYER_ADDFRESS_1
    10: EMPLOYER_ADDRESS_2
    11: EMPLOYER_CITY
    12: EMPLOYER_STATE
    13: EMPLOYER_POSTAL_CODE
    14: NAICS_CODE
    15: PW_JOB_TITLE
    16: SUPERVISE_OTHER_EMP
    17: TRAVEL_REQD
    18: PRIMARY_EDUCATION_LEVEL
    19: TRAINING_REQ
    20: EMP_EXPERIENCE_MONTHS
    21: PRIMARY_WORKSITE_CITY
    22: PRIMARY_WORKSITE_STATE
    23: PRIMARY_WORKSITE_POSTAL_CODE
    24: PWD_SOC_CODE
    25: PWD_SOC_TITLE
    26: PWD_WAGE_RATE
    27: PWD_WAGE_LEVEL
    28: PWD_UNIT_OF_PAY
    29: PWD_WAGE_SOURCE
    30: PWD_WAGE_EXPIRATION_DATE
  $ csvcut -n 2014.csv
    1: CASE_NUMBER
    2: PW_DETERMINATION_DATE
    3: PW_REDETERMINATION_DATE
    4: PW_WITHDRAWAL_DATE
    5: CASE_STATUS
    6: VISA_CLASS
    7: EMPLOYER_LEGAL_BUSINESS_NAME
    8: EMPLOYER_TRADE_DBA_NAME
    9: EMPLOYER ADDRESS 1
    10: EMPLOYER ADDRESS 2
    11: EMPLOYER CITY
    12: EMPLOYER_WORKSITE_COUNTY
    13: EMPLOYER STATE
    14: EMPLOYER POSTAL CODE
    15: NAICS_US_CODE
    16: PW_JOB_TITLE
    17: SUPERVISE_OTHER_EMP
    18: TRAVEL_REQUIRED
    19: PRIMARY_EDUCATION_LEVEL
    20: TRAINING_REQUIRED
    21: EMP_EXPERIENCE_REQUIRED
    22: EMP_EXPERIENCE_MONTHS
    23: PRIMARY_WORKSITE_CITY
    24: PRIMARY_WORKSITE_COUNTY
    25: PRIMARY_WORKSITE_STATE
    26: PRIMARY_WORKSITE_POSTAL_CODE
    27: PWD_SOC_CODE
    28: PWD_SOC_TITLE
    29: PWD_WAGE_RATE
    30: PWD_WAGE_LEVEL
    31: PWD_UNIT_OF_PAY
    32: PWD_WAGE_SOURCE
    33: PWD_WAGE_EXPIRATION_DATE
  $ csvcut -n 2015.csv
    1: CASE_NUMBER
    2: STATUS
    3: SUBMIT_DATE
    4: CASE_ASSIGNED_TO_ANALYST
    5: CASE_SENT_TO_CO_FOR_APPROVAL
    6: DETERMINATION_ISSUED
    7: DATE_REDETERMINATION_RECEIVED
    8: DATE_REDETERMINATION_ISSUED
    9: WITHDRAWAL_DATE
    10: VOIDED_DATE
    11: VISA_CLASS
    12: BUSINESS_NAME
    13: TRADE_NAME
    14: EMPLOYER ADDRESS 1
    15: EMPLOYER ADDRESS 2
    16: EMPLOYER CITY
    17: EMPLOYER STATE
    18: EMPLOYER POSTAL CODE
    19: EMPLOYER COUNTRY
    20: EMPLOYER PROVINCE
    21: EMPLOYER PHONE
    22: EMPLOYER EXTENSION
    23: EIN
    24: NAIC_ID
    25: JOB_TITLE
    26: SUGGESTED SOC CODE
    27: SUGGESTED SOC TITLE
    28: WORK_HOUR_NUM_BASIC
    29: WORK_HOUR_NUM_OVERTIME
    30: SUPERVISOR_JOB_TITLE
    31: SUPERVISE_OTHER_EMP
    32: SUPERVISE_HOW_MANY
    33: SUPERVISE_LEVEL
    34: TRAVEL_REQD
    35: EDUCATION_LEVEL
    36: OTHER_EDU
    37: MAJOR
    38: SECOND_DIPLOMA
    39: SECOND_DIPLOMA_MAJOR
    40: TRAINING_REQ
    41: NUM_MONTHS_TRAINING
    42: NAME_REQD_TRAINING
    43: EMP_EXPERIENCE_REQD
    44: EMP_EXP_NUM_MONTHS
    45: OCCUPATION_REQ
    46: WORKSITE_ADDRESS_1
    47: WORKSITE_ADDRESS_2
    48: WORKSITE_CITY
    49: WORKSITE_COUNTY
    50: WORKSITE_STATE
    51: WORKSITE_ZIP
    52: OTHER_WORKSITE_LOCATION
    53: WORKSITE_COUNTS
    54: PW_TRACKING_NUMBER
    55: DATE_REQUEST_RECIEVED
    56: SOC_CODE
    57: SOC_CODE_NAME
    58: PREVAIL_WAGE
    59: PAY_RANGE_DESC
    60: WAGE_LEVEL
    61: REQUESTED_WAGE_SOURCE
    62: PREVAILING_WAGE_SOURCE
    63: PREVAIL_WAGE_DETERM_DATE
    64: PREVAIL_WAGE_EXPIRE_DATE
    65: CONTACT LAST NAME
    66: CONTACT FIRST NAME
    67: CONTACT MIDDLE NAME
    68: CONTACT JOB TITLE
    69: CONTACT ADDRESS 1
    70: CONTACT ADDRESS 2
    71: CONTACT CITY
    72: CONTACT STATE
    73: CONTACT POSTAL CODE
    74: CONTACT COUNTRY
    75: CONTACT PROVINCE
    76: CONTACT PHONE
    77: CONTACT EXTENSION
    78: CONTACT FAX
    79: CONTACT EMAIL
    80: REQUEST_ACWIA
    81: REQUEST_CBA
    82: REQUEST_DBA_SCA
    83: TYPE_DBA_SCA
    84: REQUEST_SURVEY
    85: SURVEY_NAME
    86: SURVEY_PUBLICATION_DATE
  $ csvcut -n 2016.csv
    1: CASE_NUMBER
    2: SUBMIT_DATE
    3: DETERMINATION_DATE
    4: REDETERMINATION_DATE
    5: WITHDRAWAL_DATE
    6: CASE_STATUS
    7: VISA_CLASS
    8: BUSINESS_NAME
    9: TRADE_NAME
    10: EMPLOYER_ADDRESS_1
    11: EMPLOYER_ADDRESS_2
    12: EMPLOYER_CITY
    13: EMPLOYER_STATE
    14: EMPLOYER_POSTAL_CODE
    15: EMPLOYER_COUNTRY
    16: EMPLOYER_PROVINCE
    17: EMPLOYER_PHONE
    18: EMPLOYER_EXTENSION
    19: NAICS_CODE
    20: JOB_TITLE
    21: SUGGESTED_SOC_CODE
    22: SUGGESTED_SOC_TITLE
    23: WORK_HOUR_NUM_BASIC
    24: WORK_HOUR_NUM_OVERTIME
    25: SUPERVISOR_JOB_TITLE
    26: SUPERVISE_OTHER_EMP
    27: SUPERVISE_HOW_MANY
    28: SUPERVISE_LEVEL
    29: TRAVEL_REQUIRED
    30: PRIMARY_EDUCATION_LEVEL
    31: OTHER_EDUCATION
    32: MAJOR
    33: SECOND_DIPLOMA
    34: SECOND_DIPLOMA_MAJOR
    35: TRAINING_REQUIRED
    36: NUMBER_OF_MONTHS_TRAINING
    37: NAME_REQUIRED_TRAINING
    38: EMP_EXPERIENCE_REQUIRED
    39: EMP_EXPERIENCE_MONTHS
    40: OCCUPATION_REQUIRED
    41: PRIMARY_WORKSITE_CITY
    42: PRIMARY_WORKSITE_COUNTY
    43: PRIMARY_WORKSITE_STATE
    44: PRIMARY_WORKSITE_POSTAL_CODE
    45: OTHER_WORKSITE_LOCATION
    46: WORKSITE_COUNTS
    47: PWD_SOC_CODE
    48: PWD_SOC_TITLE
    49: PWD_WAGE_RATE
    50: PWD_UNIT_OF_PAY
    51: PWD_WAGE_LEVEL
    52: REQUESTED_WAGE_SOURCE
    53: PWD_WAGE_SOURCE
    54: PWD_WAGE_EXPIRATION_DATE
    55: SURVEY_NAME
    56: SURVEY_PUBLICATION_DATE
  $ csvcut -n 2017.csv
    1: CASE_NUMBER
    2: SUBMIT_DATE
    3: DETERMINATION_DATE
    4: REDETERMINATION_DATE
    5: CENTER_DIRECTOR_REVIEW_DATE
    6: WITHDRAWAL_DATE
    7: CASE_STATUS
    8: VISA_CLASS
    9: BUSINESS_NAME
    10: TRADE_NAME
    11: EMPLOYER_ADDRESS_1
    12: EMPLOYER_ADDRESS_2
    13: EMPLOYER_CITY
    14: EMPLOYER_STATE
    15: EMPLOYER_POSTAL_CODE
    16: EMPLOYER_COUNTRY
    17: EMPLOYER_PROVINCE
    18: EMPLOYER_PHONE
    19: EMPLOYER _EXTENSION
    20: NAICS_CODE
    21: JOB_TITLE
    22: SUGGESTED_SOC_CODE
    23: SUGGESTED_SOC_TITLE
    24: WORK_HOUR_NUM_BASIC
    25: WORK_HOUR_NUM_OVERTIME
    26: SUPERVISOR_JOB_TITLE
    27: SUPERVISE_OTHER_EMP
    28: SUPERVISE_HOW_MANY
    29: SUPERVISE_LEVEL
    30: TRAVEL_REQUIRED
    31: PRIMARY_EDUCATION_LEVEL
    32: OTHER_EDUCATION
    33: MAJOR
    34: SECOND_DIPLOMA
    35: SECOND_DIPLOMA_MAJOR
    36: TRAINING_REQUIRED
    37: NUMBER_OF_MONTHS_TRAINING
    38: NAME_REQUIRED_TRAINING
    39: EMP_EXPERIENCE_REQUIRED
    40: EMP_EXPERIENCE_MONTHS
    41: OCCUPATION_REQUIRED
    42: PRIMARY_WORKSITE_CITY
    43: PRIMARY_WORKSITE_COUNTY
    44: PRIMARY_WORKSITE_STATE
    45: PRIMARY_WORKSITE_POSTAL_CODE
    46: OTHER_WORKSITE_LOCATION
    47: WORKSITE_COUNTS
    48: PWD_SOC_CODE
    49: PWD_SOC_TITLE
    50: PWD_WAGE_RATE
    51: PWD_UNIT_OF_PAY
    52: PWD_WAGE_LEVEL
    53: REQUESTED_WAGE_SOURCE
    54: PWD_WAGE_SOURCE
    55: PWD_WAGE_EXPIRATION_DATE
    56: SURVEY_NAME
    57: SURVEY_PUBLICATION_DATE
  $ csvcut -n 2018.csv
    1: CASE_NUMBER
    2: DECISION_DATE
    3: CASE_STATUS
    4: CASE_RECEIVED_DATE
    5: REFILE
    6: ORIG_FILE_DATE
    7: ORIG_CASE_NO
    8: SCHD_A_SHEEPHERDER
    9: EMPLOYER_NAME
    10: EMPLOYER_ADDRESS_1
    11: EMPLOYER_ADDRESS_2
    12: EMPLOYER_CITY
    13: EMPLOYER_STATE
    14: EMPLOYER_COUNTRY
    15: EMPLOYER_POSTAL_CODE
    16: EMPLOYER_PHONE
    17: EMPLOYER_PHONE_EXT
    18: EMPLOYER_NUM_EMPLOYEES
    19: EMPLOYER_YR_ESTAB
    20: FW_OWNERSHIP_INTEREST
    21: AGENT_FIRM_NAME
    22: AGENT_CITY
    23: AGENT_STATE
    24: PW_TRACK_NUM
    25: PW_SOC_CODE
    26: PW_SOC_TITLE
    27: PW_LEVEL_9089
    28: PW_AMOUNT_9089
    29: PW_UNIT_OF_PAY_9089
    30: PW_SOURCE_NAME_9089
    31: PW_SOURCE_NAME_OTHER_9089
    32: PW_DETERM_DATE
    33: PW_EXPIRE_DATE
    34: WAGE_OFFER_FROM_9089
    35: WAGE_OFFER_TO_9089
    36: WAGE_OFFER_UNIT_OF_PAY_9089
    37: JOB_INFO_WORK_CITY
    38: JOB_INFO_WORK_STATE
    39: JOB_INFO_WORK_POSTAL_CODE
    40: JOB_INFO_JOB_TITLE
    41: JOB_INFO_EDUCATION
    42: JOB_INFO_EDUCATION_OTHER
    43: JOB_INFO_MAJOR
    44: JOB_INFO_TRAINING
    45: JOB_INFO_TRAINING_NUM_MONTHS
    46: JOB_INFO_TRAINING_FIELD
    47: JOB_INFO_EXPERIENCE
    48: JOB_INFO_EXPERIENCE_NUM_MONTHS
    49: JOB_INFO_ALT_FIELD
    50: JOB_INFO_ALT_FIELD_NAME
    51: JOB_INFO_ALT_COMBO_ED_EXP
    52: JOB_INFO_ALT_COMBO_ED
    53: JOB_INFO_ALT_COMBO_ED_OTHER
    54: JOB_INFO_ALT_CMB_ED_OTH_YRS
    55: JOB_INFO_FOREIGN_ED
    56: JOB_INFO_ALT_OCC
    57: JOB_INFO_ALT_OCC_NUM_MONTHS
    58: JOB_INFO_ALT_OCC_JOB_TITLE
    59: JOB_INFO_JOB_REQ_NORMAL
    60: JOB_INFO_FOREIGN_LANG_REQ
    61: JOB_INFO_COMBO_OCCUPATION
    62: JI_OFFERED_TO_SEC_J_FW
    63: JI_FW_LIVE_ON_PREMISES
    64: JI_LIVE_IN_DOMESTIC_SERVICE
    65: JI_LIVE_IN_DOM_SVC_CONTRACT
    66: RECR_INFO_PROFESSIONAL_OCC
    67: RECR_INFO_COLL_UNIV_TEACHER
    68: RECR_INFO_COLL_TEACH_COMP_PROC
    69: RI_COLL_TCH_BASIC_PROCESS
    70: RI_COLL_TEACH_SELECT_DATE
    71: RI_COLL_TEACH_PRO_JNL
    72: RECR_INFO_SWA_JOB_ORDER_START
    73: RECR_INFO_SWA_JOB_ORDER_END
    74: RECR_INFO_SUNDAY_NEWSPAPER
    75: RI_1ST_AD_NEWSPAPER_NAME
    76: RECR_INFO_FIRST_AD_START
    77: RI_2ND_AD_NEWSPAPER_NAME
    78: RI_2ND_AD_NEWSPAPER_OR_JOURNAL
    79: RECR_INFO_SECOND_AD_START
    80: RECR_INFO_JOB_FAIR_FROM
    81: RECR_INFO_JOB_FAIR_TO
    82: RECR_INFO_ON_CAMPUS_RECR_FROM
    83: RECR_INFO_ON_CAMPUS_RECR_TO
    84: RI_EMPLOYER_WEB_POST_FROM
    85: RI_EMPLOYER_WEB_POST_TO
    86: RECR_INFO_PRO_ORG_ADVERT_FROM
    87: RECR_INFO_PRO_ORG_ADVERT_TO
    88: RI_JOB_SEARCH_WEBSITE_FROM
    89: RI_JOB_SEARCH_WEBSITE_TO
    90: RI_PVT_EMPLOYMENT_FIRM_FROM
    91: RI_PVT_EMPLOYMENT_FIRM_TO
    92: RI_EMPLOYEE_REFERRAL_PROG_FROM
    93: RI_EMPLOYEE_REFERRAL_PROG_TO
    94: RI_CAMPUS_PLACEMENT_FROM
    95: RI_CAMPUS_PLACEMENT_TO
    96: RI_LOCAL_ETHNIC_PAPER_FROM
    97: RI_LOCAL_ETHNIC_PAPER_TO
    98: RECR_INFO_RADIO_TV_AD_FROM
    99: RECR_INFO_RADIO_TV_AD_TO
    100: RECR_INFO_EMPLOYER_REC_PAYMENT
    101: RECR_INFO_BARG_REP_NOTIFIED
    102: RI_POSTED_NOTICE_AT_WORKSITE
    103: RI_LAYOFF_IN_PAST_SIX_MONTHS
    104: RI_US_WORKERS_CONSIDERED
    105: FOREIGN_WORKER_INFO_CITY
    106: FOREIGN_WORKER_INFO_STATE
    107: FW_INFO_POSTAL_CODE
    108: COUNTRY_OF_CITIZENSHIP
    109: FW_INFO_BIRTH_COUNTRY
    110: CLASS_OF_ADMISSION
    111: FOREIGN_WORKER_INFO_EDUCATION
    112: FW_INFO_EDUCATION_OTHER
    113: FOREIGN_WORKER_INFO_MAJOR
    114: FW_INFO_YR_REL_EDU_COMPLETED
    115: FOREIGN_WORKER_INFO_INST
    116: FW_INFO_TRAINING_COMP
    117: FW_INFO_REQ_EXPERIENCE
    118: FW_INFO_ALT_EDU_EXPERIENCE
    119: FW_INFO_REL_OCCUP_EXP
    120: PREPARER_INFO_EMP_COMPLETED
    121: PREPARER_INFO_TITLE
    122: EMPLOYER_DECL_INFO_TITLE
    123: NAICS_US_CODE
    124: NAICS_US_TITLE
    125: PW_JOB_TITLE_9089
    126: vvvvv
    127: APPLICATION_TYPE
    128: Date_Certified
    129: Date_Denied
    130: Date_Withdrawn
  $ csvcut -n US_PERM_DATA_2010_2018.csv
      1: CASE_NUMBER
      2: CASE_STATUS
      3: PW_REDETERMINATION_DATE
      4: APPLICATION_TYPE
      5: EMPLOYER_LEGAL_BUSINESS_NAME
      6: EMPLOYER_TRADE_DBA_NAME
      7: EMPLOYER_ADDRESS_1
      8: EMPLOYER_ADDRESS_2
      9: EMPLOYER_CITY
     10: EMPLOYER_STATE
     11: EMPLOYER_POSTAL_CODE
     12: NAICS_US_CODE
     13: PW_JOB_TITLE
     14: SUPERVISE_OTHER_EMP
     15: TRAVEL_REQUIRED
     16: PRIMARY_EDUCATION_LEVEL
     17: TRAINING_REQUIRED
     18: EMP_EXPERIENCE_REQUIRED
     19: EMP_EXPERIENCE_MONTHS
     20: PRIMARY_WORKSITE_CITY
     21: PRIMARY_WORKSITE_COUNTY
     22: PRIMARY_WORKSITE_STATE
     23: PRIMARY_WORKSITE_POSTAL_CODE
     24: ADDITIONAL_WORKSITE_LOCATIONS
     25: PWD_SOC_CODE
     26: PWD_SOC_TITLE
     27: PWD_WAGE_RATE
     28: PWD_UNIT_OF_PAY
     29: PWD_WAGE_LEVEL
     30: PWD_WAGE_SOURCE
     31: PW_DETERMINATION_DATE
     32: PWD_WAGE_EXPIRATION_DATE

>>> columns are not identical. Need to clean and slice each year before stacking files into one dataset.
>>> column for  CASE_STATUS also missing outcome, which is very important for our analysis. Record layout says it should be there, though. May have been a glitch in the download or conversion process. Starting over.

# download OLEC data and record layouts
  https://www.foreignlaborcert.doleta.gov/performancedata.cfm

# convert to CSV files using $ in2csv command line approach in csvkit
$ in2csv PERM_2008.xlsx > 2008.csv
etc. > 2018

# check headers and column layouts
$ csvcut -n 2008.csv
  1: CASE_NUMBER
  2: APPLICATION_TYPE
  3: DECISION_DATE
  4: CASE_STATUS
  5: EMPLOYER_NAME
  6: EMPLOYER_ADDRESS_1
  7: EMPLOYER_ADDRESS_2
  8: EMPLOYER_CITY
  9: EMPLOYER_STATE
  10: EMPLOYER_POSTAL_CODE
  11: 2007_NAICS_US_CODE
  12: 2007_NAICS_US_TITLE
  13: US_ECONOMIC_SECTOR
  14: PW_SOC_CODE
  15: PW_JOB_TITLE_9089
  16: PW_LEVEL_9089
  17: PW_AMOUNT_9089
  18: PW_UNIT_OF_PAY_9089
  19: WAGE_OFFER_FROM_9089
  20: WAGE_OFFER_TO_9089
  21: WAGE_OFFER_UNIT_OF_PAY_9089
  22: JOB_INFO_WORK_CITY
  23: JOB_INFO_WORK_STATE
  24: COUNTRY_OF_CITZENSHIP
  25: CLASS_OF_ADMISSION
  # typo in column 24, "COUNTRY_OF_CITZENSHIP"
$ csvcut -n 2009.csv
  1: CASE_NUMBER
  2: APPLICATION TYPE
  3: DECISION DATE
  4: CASE STATUS
  5: EMPLOYER NAME
  6: EMPLOYER ADDRESS_1
  7: EMPLOYER ADDRESS_2
  8: EMPLOYER CITY
  9: EMPLOYER STATE
  10: EMPLOYER POSTAL CODE
  11: 2007 NAICS US CODE
  12: 2007 NAICS US TITLE
  13: US ECONOMIC SECTOR
  14: PW SOC CODE
  15: PW JOB TITLE 9089
  16: PW LEVEL 9089
  17: PW AMOUNT 9089
  18: PW UNIT OF PAY 9089
  19: WAGE OFFER FROM 9089
  20: WAGE OFFER TO 9089
  21: WAGE OFFER UNIT OF PAY 9089
  22: JOB INFO WORK CITY
  23: JOB INFO WORK STATE
  24: COUNTRY OF CITZENSHIP
  25: CLASS OF ADMISSION
  # typo in column 24, "COUNTRY_OF_CITZENSHIP"
$ csvcut -n 2010.csv
    1: CASE_NO
    2: APPLICATION_TYPE
    3: DECISION_DATE
    4: CASE_STATUS
    5: EMPLOYER_NAME
    6: EMPLOYER_ADDRESS_1
    7: EMPLOYER_ADDRESS_2
    8: EMPLOYER_CITY
    9: EMPLOYER_STATE
   10: EMPLOYER_POSTAL_CODE
   11: 2007_NAICS_US_CODE
   12: 2007_NAICS_US_TITLE
   13: US_ECONOMIC_SECTOR
   14: PW_SOC_CODE
   15: PW_SOC_TITLE
   16: PW_JOB_TITLE_9089
   17: PW_LEVEL_9089
   18: PW_SOURCE_NAME_9089
   19: PW_AMOUNT_9089
   20: PW_UNIT_OF_PAY_9089
   21: WAGE_OFFER_FROM_9089
   22: WAGE_OFFER_TO_9089
   23: WAGE_OFFER_UNIT_OF_PAY_9089
   24: JOB_INFO_WORK_CITY
   25: JOB_INFO_WORK_STATE
   26: COUNTRY_OF_CITZENSHIP
   27: CLASS_OF_ADMISSION
   # typo in column 24, "COUNTRY_OF_CITZENSHIP"
$ csvcut -n 2011.csv
   1: CASE_NO
   2: DECISION_DATE
   3: CASE_STATUS
   4: APPLICATION_TYPE
   5: EMPLOYER_NAME
   6: EMPLOYER_ADDRESS_1
   7: EMPLOYER_ADDRESS_2
   8: EMPLOYER_CITY
   9: EMPLOYER_STATE
  10: EMPLOYER_POSTAL_CODE
  11: 2007_NAICS_US_CODE
  12: 2007_NAICS_US_TITLE
  13: US_ECONOMIC_SECTOR
  14: PW_SOC_CODE
  15: PW_SOC_TITLE
  16: PW_JOB_TITLE_9089
  17: PW_LEVEL_9089
  18: PW_SOURCE_NAME_9089
  19: PW_AMOUNT_9089
  20: PW_UNIT_OF_PAY_9089
  21: WAGE_OFFER_FROM_9089
  22: WAGE_OFFER_TO_9089
  23: WAGE_OFFER_UNIT_OF_PAY_9089
  24: JOB_INFO_WORK_CITY
  25: JOB_INFO_WORK_STATE
  26: COUNTRY_OF_CITZENSHIP
  27: CLASS_OF_ADMISSION
  # typo in column 24, "COUNTRY_OF_CITZENSHIP"
$ csvcut -n 2012.csv
  1: CASE_NO
  2: DECISION_DATE
  3: CASE_STATUS
  4: APPLICATION_TYPE
  5: EMPLOYER_NAME
  6: EMPLOYER_ADDRESS_1
  7: EMPLOYER_CITY
  8: EMPLOYER_STATE
  9: EMPLOYER_POSTAL_CODE
  10: 2007_NAICS_US_CODE
  11: 2007_NAICS_US_TITLE
  12: US_ECONOMIC_SECTOR
  13: PW_SOC_CODE
  14: PW_SOC_TITLE
  15: PW_JOB_TITLE_9089
  16: PW_LEVEL_9089
  17: PW_SOURCE_NAME_9089
  18: PW_AMOUNT_9089
  19: PW_UNIT_OF_PAY_9089
  20: WAGE_OFFER_FROM_9089
  21: WAGE_OFFER_TO_9089
  22: WAGE_OFFER_UNIT_OF_PAY_9089
  23: JOB_INFO_WORK_CITY
  24: JOB_INFO_WORK_STATE
  25: COUNTRY_OF_CITZENSHIP
  26: CLASS_OF_ADMISSION
  # typo in column 24, "COUNTRY_OF_CITZENSHIP"
$ csvcut -n 2013.csv
  1: CASE_NO
  2: Decision_Date
  3: Case_Status
  4: APPLICATION_TYPE
  5: Employer_Name
  6: Employer_address_1
  7: Employer_address_2
  8: Employer_City
  9: Employer_State
  10: Employer_Postal_Code
  11: 2007_NAICS_US_Code
  12: 2007 NAICS US TITLE
  13: US ECONOMIC SECTOR
  14: PW_SOC_Code
  15: PW SOC Title
  16: Add_These_PW_Job_Title_9089
  17: PW_LEVEL_9089
  18: PW_Job_Title_9089
  19: PW_SOURCE_NAME_9089
  20: PW_AMOUNT_9089
  21: PW_Unit_of_Pay_9089
  22: WAGE_OFFERED_FROM_9089
  23: WAGE_OFFERED_TO_9089
  24: Job_Info_Work_City
  25: Job_Info_Work_State
  26: Country_of_Citizenship
  27: Class_of_Admission
$ csvcut -n 2014.csv
  1: CASE_NO
  2: Decision_Date
  3: Case_Status
  4: APPLICATION_TYPE
  5: Employer_Name
  6: Employer_address_1
  7: Employer_address_2
  8: Employer_City
  9: Employer_State
  10: Employer_Postal_Code
  11: 2007_NAICS_US_CODE
  12: 2007_NAICS_US_TITLE
  13: US_ECONOMIC_SECTOR
  14: PW_SOC_Code
  15: PW_SOC_TITLE
  16: PW_Job_Title_9089
  17: PW_LEVEL_9089
  18: PW_SOURCE_NAME_9089
  19: PW_AMOUNT_9089
  20: PW_UNIT_OF_PAY_9089
  21: WAGE_OFFERED_FROM_9089
  22: WAGE_OFFERED_TO_9089
  23: WAGE_OFFERED_UNIT_OF_PAY_9089
  24: Job_Info_Work_City
  25: Job_Info_Work_State
  26: Country_of_Citizenship
  27: Class_of_Admission
$ csvcut -n 2015.csv
  1: CASE_NUMBER
  2: DECISION_DATE
  3: CASE_STATUS
  4: CASE_RECEIVED_DATE
  5: REFILE
  6: ORIG_FILE_DATE
  7: ORIG_CASE_NO
  8: SCHD_A_SHEEPHERDER
  9: EMPLOYER_NAME
  10: EMPLOYER_ADDRESS_1
  11: EMPLOYER_ADDRESS_2
  12: EMPLOYER_CITY
  13: EMPLOYER_STATE
  14: EMPLOYER_COUNTRY
  15: EMPLOYER_POSTAL_CODE
  16: EMPLOYER_PHONE
  17: EMPLOYER_PHONE_EXT
  18: EMPLOYER_NUM_EMPLOYEES
  19: EMPLOYER_YR_ESTAB
  20: FW_OWNERSHIP_INTEREST
  21: AGENT_FIRM_NAME
  22: AGENT_CITY
  23: AGENT_STATE
  24: PW_TRACK_NUM
  25: PW_SOC_CODE
  26: PW_SOC_TITLE
  27: PW_LEVEL_9089
  28: PW_AMOUNT_9089
  29: PW_UNIT_OF_PAY_9089
  30: PW_SOURCE_NAME_9089
  31: PW_SOURCE_NAME_OTHER_9089
  32: PW_DETERM_DATE
  33: PW_EXPIRE_DATE
  34: WAGE_OFFER_FROM_9089
  35: WAGE_OFFER_TO_9089
  36: WAGE_OFFER_UNIT_OF_PAY_9089
  37: JOB_INFO_WORK_CITY
  38: JOB_INFO_WORK_STATE
  39: JOB_INFO_WORK_POSTAL_CODE
  40: JOB_INFO_JOB_TITLE
  41: JOB_INFO_EDUCATION
  42: JOB_INFO_EDUCATION_OTHER
  43: JOB_INFO_MAJOR
  44: JOB_INFO_TRAINING
  45: JOB_INFO_TRAINING_NUM_MONTHS
  46: JOB_INFO_TRAINING_FIELD
  47: JOB_INFO_EXPERIENCE
  48: JOB_INFO_EXPERIENCE_NUM_MONTHS
  49: JOB_INFO_ALT_FIELD
  50: JOB_INFO_ALT_FIELD_NAME
  51: JOB_INFO_ALT_COMBO_ED_EXP
  52: JOB_INFO_ALT_COMBO_ED
  53: JOB_INFO_ALT_COMBO_ED_OTHER
  54: JOB_INFO_ALT_CMB_ED_OTH_YRS
  55: JOB_INFO_FOREIGN_ED
  56: JOB_INFO_ALT_OCC
  57: JOB_INFO_ALT_OCC_NUM_MONTHS
  58: JOB_INFO_ALT_OCC_JOB_TITLE
  59: JOB_INFO_JOB_REQ_NORMAL
  60: JOB_INFO_FOREIGN_LANG_REQ
  61: JOB_INFO_COMBO_OCCUPATION
  62: JI_OFFERED_TO_SEC_J_FOREIGN_WORKER
  63: JI_FOREIGN_WORKER_LIVE_ON_PREMISES
  64: JI_LIVE_IN_DOMESTIC_SERVICE
  65: JI_LIVE_IN_DOM_SVC_CONTRACT
  66: RECR_INFO_PROFESSIONAL_OCC
  67: RECR_INFO_COLL_UNIV_TEACHER
  68: RECR_INFO_COLL_TEACH_COMP_PROC
  69: RI_COLL_TCH_BASIC_PROCESS
  70: RI_COLL_TEACH_SELECT_DATE
  71: RI_COLL_TEACH_PRO_JNL
  72: RECR_INFO_SWA_JOB_ORDER_START
  73: RECR_INFO_SWA_JOB_ORDER_END
  74: RECR_INFO_SUNDAY_NEWSPAPER
  75: RI_1ST_AD_NEWSPAPER_NAME
  76: RECR_INFO_FIRST_AD_START
  77: RI_2ND_AD_NEWSPAPER_NAME
  78: RI_2ND_AD_NEWSPAPER_OR_JOURNAL
  79: RECR_INFO_SECOND_AD_START
  80: RECR_INFO_JOB_FAIR_FROM
  81: RECR_INFO_JOB_FAIR_TO
  82: RECR_INFO_ON_CAMPUS_RECR_FROM
  83: RECR_INFO_ON_CAMPUS_RECR_TO
  84: RI_EMPLOYER_WEB_POST_FROM
  85: RI_EMPLOYER_WEB_POST_TO
  86: RECR_INFO_PRO_ORG_ADVERT_FROM
  87: RECR_INFO_PRO_ORG_ADVERT_TO
  88: RI_JOB_SEARCH_WEBSITE_FROM
  89: RI_JOB_SEARCH_WEBSITE_TO
  90: RI_PVT_EMPLOYMENT_FIRM_FROM
  91: RI_PVT_EMPLOYMENT_FIRM_TO
  92: RI_EMPLOYEE_REFERRAL_PROG_FROM
  93: RI_EMPLOYEE_REFERRAL_PROG_TO
  94: RI_CAMPUS_PLACEMENT_FROM
  95: RI_CAMPUS_PLACEMENT_TO
  96: RI_LOCAL_ETHNIC_PAPER_FROM
  97: RI_LOCAL_ETHNIC_PAPER_TO
  98: RECR_INFO_RADIO_TV_AD_FROM
  99: RECR_INFO_RADIO_TV_AD_TO
  100: RECR_INFO_EMPLOYER_REC_PAYMENT
  101: REC_INFO_BARG_REP_NOTIFIED
  102: RI_POSTED_NOTICE_AT_WORKSITE
  103: RI_LAYOFF_IN_PAST_SIX_MONTHS
  104: RI_US_WORKERS_CONSIDERED
  105: FOREIGN_WORKER_INFO_CITY
  106: FOREIGN_WORKER_INFO_STATE
  107: FW_INFO_POSTAL_CODE
  108: COUNTRY_OF_CITIZENSHIP
  109: FW_INFO_BIRTH_COUNTRY
  110: CLASS_OF_ADMISSION
  111: FOREIGN_WORKER_INFO_EDUCATION
  112: FW_INFO_EDUCATION_OTHER
  113: FOREIGN_WORKER_INFO_MAJOR
  114: FW_INFO_YR_REL_EDU_COMPLETED
  115: FOREIGN_WORKER_INFO_INST
  116: FW_INFO_TRAINING_COMP
  117: FW_INFO_REQ_EXPERIENCE
  118: FW_INFO_ALT_EDU_EXPERIENCE
  119: FW_INFO_REL_OCCUP_EXP
  120: PREPARER_INFO_EMP_COMPLETED
  121: PREPARER_INFO_TITLE
  122: EMPLOYER_DECL_INFO_TITLE
  123: NAICS_US_CODE
  124: NAICS_US_TITLE
  125: PW_Job_Title_9089
$ csvcut -n 2016.csv
  1: CASE_NUMBER
  2: DECISION_DATE
  3: CASE_STATUS
  4: CASE_RECEIVED_DATE
  5: REFILE
  6: ORIG_FILE_DATE
  7: ORIG_CASE_NO
  8: SCHD_A_SHEEPHERDER
  9: EMPLOYER_NAME
  10: EMPLOYER_ADDRESS_1
  11: EMPLOYER_ADDRESS_2
  12: EMPLOYER_CITY
  13: EMPLOYER_STATE
  14: EMPLOYER_COUNTRY
  15: EMPLOYER_POSTAL_CODE
  16: EMPLOYER_PHONE
  17: EMPLOYER_PHONE_EXT
  18: EMPLOYER_NUM_EMPLOYEES
  19: EMPLOYER_YR_ESTAB
  20: FW_OWNERSHIP_INTEREST
  21: AGENT_FIRM_NAME
  22: AGENT_CITY
  23: AGENT_STATE
  24: PW_TRACK_NUM
  25: PW_SOC_CODE
  26: PW_SOC_TITLE
  27: PW_LEVEL_9089
  28: PW_AMOUNT_9089
  29: PW_UNIT_OF_PAY_9089
  30: PW_SOURCE_NAME_9089
  31: PW_SOURCE_NAME_OTHER_9089
  32: PW_DETERM_DATE
  33: PW_EXPIRE_DATE
  34: WAGE_OFFER_FROM_9089
  35: WAGE_OFFER_TO_9089
  36: WAGE_OFFER_UNIT_OF_PAY_9089
  37: JOB_INFO_WORK_CITY
  38: JOB_INFO_WORK_STATE
  39: JOB_INFO_WORK_POSTAL_CODE
  40: JOB_INFO_JOB_TITLE
  41: JOB_INFO_EDUCATION
  42: JOB_INFO_EDUCATION_OTHER
  43: JOB_INFO_MAJOR
  44: JOB_INFO_TRAINING
  45: JOB_INFO_TRAINING_NUM_MONTHS
  46: JOB_INFO_TRAINING_FIELD
  47: JOB_INFO_EXPERIENCE
  48: JOB_INFO_EXPERIENCE_NUM_MONTHS
  49: JOB_INFO_ALT_FIELD
  50: JOB_INFO_ALT_FIELD_NAME
  51: JOB_INFO_ALT_COMBO_ED_EXP
  52: JOB_INFO_ALT_COMBO_ED
  53: JOB_INFO_ALT_COMBO_ED_OTHER
  54: JOB_INFO_ALT_CMB_ED_OTH_YRS
  55: JOB_INFO_FOREIGN_ED
  56: JOB_INFO_ALT_OCC
  57: JOB_INFO_ALT_OCC_NUM_MONTHS
  58: JOB_INFO_ALT_OCC_JOB_TITLE
  59: JOB_INFO_JOB_REQ_NORMAL
  60: JOB_INFO_FOREIGN_LANG_REQ
  61: JOB_INFO_COMBO_OCCUPATION
  62: JI_OFFERED_TO_SEC_J_FW
  63: JI_FW_LIVE_ON_PREMISES
  64: JI_LIVE_IN_DOMESTIC_SERVICE
  65: JI_LIVE_IN_DOM_SVC_CONTRACT
  66: RECR_INFO_PROFESSIONAL_OCC
  67: RECR_INFO_COLL_UNIV_TEACHER
  68: RECR_INFO_COLL_TEACH_COMP_PROC
  69: RI_COLL_TCH_BASIC_PROCESS
  70: RI_COLL_TEACH_SELECT_DATE
  71: RI_COLL_TEACH_PRO_JNL
  72: RECR_INFO_SWA_JOB_ORDER_START
  73: RECR_INFO_SWA_JOB_ORDER_END
  74: RECR_INFO_SUNDAY_NEWSPAPER
  75: RI_1ST_AD_NEWSPAPER_NAME
  76: RECR_INFO_FIRST_AD_START
  77: RI_2ND_AD_NEWSPAPER_NAME
  78: RI_2ND_AD_NEWSPAPER_OR_JOURNAL
  79: RECR_INFO_SECOND_AD_START
  80: RECR_INFO_JOB_FAIR_FROM
  81: RECR_INFO_JOB_FAIR_TO
  82: RECR_INFO_ON_CAMPUS_RECR_FROM
  83: RECR_INFO_ON_CAMPUS_RECR_TO
  84: RI_EMPLOYER_WEB_POST_FROM
  85: RI_EMPLOYER_WEB_POST_TO
  86: RECR_INFO_PRO_ORG_ADVERT_FROM
  87: RECR_INFO_PRO_ORG_ADVERT_TO
  88: RI_JOB_SEARCH_WEBSITE_FROM
  89: RI_JOB_SEARCH_WEBSITE_TO
  90: RI_PVT_EMPLOYMENT_FIRM_FROM
  91: RI_PVT_EMPLOYMENT_FIRM_TO
  92: RI_EMPLOYEE_REFERRAL_PROG_FROM
  93: RI_EMPLOYEE_REFERRAL_PROG_TO
  94: RI_CAMPUS_PLACEMENT_FROM
  95: RI_CAMPUS_PLACEMENT_TO
  96: RI_LOCAL_ETHNIC_PAPER_FROM
  97: RI_LOCAL_ETHNIC_PAPER_TO
  98: RECR_INFO_RADIO_TV_AD_FROM
  99: RECR_INFO_RADIO_TV_AD_TO
  100: RECR_INFO_EMPLOYER_REC_PAYMENT
  101: RECR_INFO_BARG_REP_NOTIFIED
  102: RI_POSTED_NOTICE_AT_WORKSITE
  103: RI_LAYOFF_IN_PAST_SIX_MONTHS
  104: RI_US_WORKERS_CONSIDERED
  105: FOREIGN_WORKER_INFO_CITY
  106: FOREIGN_WORKER_INFO_STATE
  107: FW_INFO_POSTAL_CODE
  108: COUNTRY_OF_CITIZENSHIP
  109: FW_INFO_BIRTH_COUNTRY
  110: CLASS_OF_ADMISSION
  111: FOREIGN_WORKER_INFO_EDUCATION
  112: FW_INFO_EDUCATION_OTHER
  113: FOREIGN_WORKER_INFO_MAJOR
  114: FW_INFO_YR_REL_EDU_COMPLETED
  115: FOREIGN_WORKER_INFO_INST
  116: FW_INFO_TRAINING_COMP
  117: FW_INFO_REQ_EXPERIENCE
  118: FW_INFO_ALT_EDU_EXPERIENCE
  119: FW_INFO_REL_OCCUP_EXPERIENCE
  120: PREPARER_INFO_EMP_COMPLETED
  121: PREPARER_INFO_TITLE
  122: EMPLOYER_DECL_INFO_TITLE
  123: NAICS_US_CODE
  124: NAICS_US_TITLE
  125: PW_Job_Title_9089
$ csvcut -n 2017.csv
  1: CASE_NUMBER
  2: DECISION_DATE
  3: CASE_STATUS
  4: CASE_RECEIVED_DATE
  5: REFILE
  6: ORIG_FILE_DATE
  7: ORIG_CASE_NO
  8: SCHD_A_SHEEPHERDER
  9: EMPLOYER_NAME
  10: EMPLOYER_ADDRESS_1
  11: EMPLOYER_ADDRESS_2
  12: EMPLOYER_CITY
  13: EMPLOYER_STATE
  14: EMPLOYER_COUNTRY
  15: EMPLOYER_POSTAL_CODE
  16: EMPLOYER_PHONE
  17: EMPLOYER_PHONE_EXT
  18: EMPLOYER_NUM_EMPLOYEES
  19: EMPLOYER_YR_ESTAB
  20: FW_OWNERSHIP_INTEREST
  21: AGENT_FIRM_NAME
  22: AGENT_CITY
  23: AGENT_STATE
  24: PW_TRACK_NUM
  25: PW_SOC_CODE
  26: PW_SOC_TITLE
  27: PW_LEVEL_9089
  28: PW_AMOUNT_9089
  29: PW_UNIT_OF_PAY_9089
  30: PW_SOURCE_NAME_9089
  31: PW_SOURCE_NAME_OTHER_9089
  32: PW_DETERM_DATE
  33: PW_EXPIRE_DATE
  34: WAGE_OFFER_FROM_9089
  35: WAGE_OFFER_TO_9089
  36: WAGE_OFFER_UNIT_OF_PAY_9089
  37: JOB_INFO_WORK_CITY
  38: JOB_INFO_WORK_STATE
  39: JOB_INFO_WORK_POSTAL_CODE
  40: JOB_INFO_JOB_TITLE
  41: JOB_INFO_EDUCATION
  42: JOB_INFO_EDUCATION_OTHER
  43: JOB_INFO_MAJOR
  44: JOB_INFO_TRAINING
  45: JOB_INFO_TRAINING_NUM_MONTHS
  46: JOB_INFO_TRAINING_FIELD
  47: JOB_INFO_EXPERIENCE
  48: JOB_INFO_EXPERIENCE_NUM_MONTHS
  49: JOB_INFO_ALT_FIELD
  50: JOB_INFO_ALT_FIELD_NAME
  51: JOB_INFO_ALT_COMBO_ED_EXP
  52: JOB_INFO_ALT_COMBO_ED
  53: JOB_INFO_ALT_COMBO_ED_OTHER
  54: JOB_INFO_ALT_CMB_ED_OTH_YRS
  55: JOB_INFO_FOREIGN_ED
  56: JOB_INFO_ALT_OCC
  57: JOB_INFO_ALT_OCC_NUM_MONTHS
  58: JOB_INFO_ALT_OCC_JOB_TITLE
  59: JOB_INFO_JOB_REQ_NORMAL
  60: JOB_INFO_FOREIGN_LANG_REQ
  61: JOB_INFO_COMBO_OCCUPATION
  62: JI_OFFERED_TO_SEC_J_FW
  63: JI_FW_LIVE_ON_PREMISES
  64: JI_LIVE_IN_DOMESTIC_SERVICE
  65: JI_LIVE_IN_DOM_SVC_CONTRACT
  66: RECR_INFO_PROFESSIONAL_OCC
  67: RECR_INFO_COLL_UNIV_TEACHER
  68: RECR_INFO_COLL_TEACH_COMP_PROC
  69: RI_COLL_TCH_BASIC_PROCESS
  70: RI_COLL_TEACH_SELECT_DATE
  71: RI_COLL_TEACH_PRO_JNL
  72: RECR_INFO_SWA_JOB_ORDER_START
  73: RECR_INFO_SWA_JOB_ORDER_END
  74: RECR_INFO_SUNDAY_NEWSPAPER
  75: RI_1ST_AD_NEWSPAPER_NAME
  76: RECR_INFO_FIRST_AD_START
  77: RI_2ND_AD_NEWSPAPER_NAME
  78: RI_2ND_AD_NEWSPAPER_OR_JOURNAL
  79: RECR_INFO_SECOND_AD_START
  80: RECR_INFO_JOB_FAIR_FROM
  81: RECR_INFO_JOB_FAIR_TO
  82: RECR_INFO_ON_CAMPUS_RECR_FROM
  83: RECR_INFO_ON_CAMPUS_RECR_TO
  84: RI_EMPLOYER_WEB_POST_FROM
  85: RI_EMPLOYER_WEB_POST_TO
  86: RECR_INFO_PRO_ORG_ADVERT_FROM
  87: RECR_INFO_PRO_ORG_ADVERT_TO
  88: RI_JOB_SEARCH_WEBSITE_FROM
  89: RI_JOB_SEARCH_WEBSITE_TO
  90: RI_PVT_EMPLOYMENT_FIRM_FROM
  91: RI_PVT_EMPLOYMENT_FIRM_TO
  92: RI_EMPLOYEE_REFERRAL_PROG_FROM
  93: RI_EMPLOYEE_REFERRAL_PROG_TO
  94: RI_CAMPUS_PLACEMENT_FROM
  95: RI_CAMPUS_PLACEMENT_TO
  96: RI_LOCAL_ETHNIC_PAPER_FROM
  97: RI_LOCAL_ETHNIC_PAPER_TO
  98: RECR_INFO_RADIO_TV_AD_FROM
  99: RECR_INFO_RADIO_TV_AD_TO
  100: RECR_INFO_EMPLOYER_REC_PAYMENT
  101: RECR_INFO_BARG_REP_NOTIFIED
  102: RI_POSTED_NOTICE_AT_WORKSITE
  103: RI_LAYOFF_IN_PAST_SIX_MONTHS
  104: RI_US_WORKERS_CONSIDERED
  105: FOREIGN_WORKER_INFO_CITY
  106: FOREIGN_WORKER_INFO_STATE
  107: FW_INFO_POSTAL_CODE
  108: COUNTRY_OF_CITIZENSHIP
  109: FW_INFO_BIRTH_COUNTRY
  110: CLASS_OF_ADMISSION
  111: FOREIGN_WORKER_INFO_EDUCATION
  112: FW_INFO_EDUCATION_OTHER
  113: FOREIGN_WORKER_INFO_MAJOR
  114: FW_INFO_YR_REL_EDU_COMPLETED
  115: FOREIGN_WORKER_INFO_INST
  116: FW_INFO_TRAINING_COMP
  117: FW_INFO_REQ_EXPERIENCE
  118: FW_INFO_ALT_EDU_EXPERIENCE
  119: FW_INFO_REL_OCCUP_EXP
  120: PREPARER_INFO_EMP_COMPLETED
  121: PREPARER_INFO_TITLE
  122: EMPLOYER_DECL_INFO_TITLE
  123: NAICS_US_CODE
  124: NAICS_US_TITLE
  125: PW_JOB_TITLE_9089
$ csvcut -n 2018.csv
    1: CASE_NUMBER
    2: DECISION_DATE
    3: CASE_STATUS
    4: CASE_RECEIVED_DATE
    5: REFILE
    6: ORIG_FILE_DATE
    7: ORIG_CASE_NO
    8: SCHD_A_SHEEPHERDER
    9: EMPLOYER_NAME
   10: EMPLOYER_ADDRESS_1
   11: EMPLOYER_ADDRESS_2
   12: EMPLOYER_CITY
   13: EMPLOYER_STATE
   14: EMPLOYER_COUNTRY
   15: EMPLOYER_POSTAL_CODE
   16: EMPLOYER_PHONE
   17: EMPLOYER_PHONE_EXT
   18: EMPLOYER_NUM_EMPLOYEES
   19: EMPLOYER_YR_ESTAB
   20: FW_OWNERSHIP_INTEREST
   21: AGENT_FIRM_NAME
   22: AGENT_CITY
   23: AGENT_STATE
   24: PW_TRACK_NUM
   25: PW_SOC_CODE
   26: PW_SOC_TITLE
   27: PW_LEVEL_9089
   28: PW_AMOUNT_9089
   29: PW_UNIT_OF_PAY_9089
   30: PW_SOURCE_NAME_9089
   31: PW_SOURCE_NAME_OTHER_9089
   32: PW_DETERM_DATE
   33: PW_EXPIRE_DATE
   34: WAGE_OFFER_FROM_9089
   35: WAGE_OFFER_TO_9089
   36: WAGE_OFFER_UNIT_OF_PAY_9089
   37: JOB_INFO_WORK_CITY
   38: JOB_INFO_WORK_STATE
   39: JOB_INFO_WORK_POSTAL_CODE
   40: JOB_INFO_JOB_TITLE
   41: JOB_INFO_EDUCATION
   42: JOB_INFO_EDUCATION_OTHER
   43: JOB_INFO_MAJOR
   44: JOB_INFO_TRAINING
   45: JOB_INFO_TRAINING_NUM_MONTHS
   46: JOB_INFO_TRAINING_FIELD
   47: JOB_INFO_EXPERIENCE
   48: JOB_INFO_EXPERIENCE_NUM_MONTHS
   49: JOB_INFO_ALT_FIELD
   50: JOB_INFO_ALT_FIELD_NAME
   51: JOB_INFO_ALT_COMBO_ED_EXP
   52: JOB_INFO_ALT_COMBO_ED
   53: JOB_INFO_ALT_COMBO_ED_OTHER
   54: JOB_INFO_ALT_CMB_ED_OTH_YRS
   55: JOB_INFO_FOREIGN_ED
   56: JOB_INFO_ALT_OCC
   57: JOB_INFO_ALT_OCC_NUM_MONTHS
   58: JOB_INFO_ALT_OCC_JOB_TITLE
   59: JOB_INFO_JOB_REQ_NORMAL
   60: JOB_INFO_FOREIGN_LANG_REQ
   61: JOB_INFO_COMBO_OCCUPATION
   62: JI_OFFERED_TO_SEC_J_FW
   63: JI_FW_LIVE_ON_PREMISES
   64: JI_LIVE_IN_DOMESTIC_SERVICE
   65: JI_LIVE_IN_DOM_SVC_CONTRACT
   66: RECR_INFO_PROFESSIONAL_OCC
   67: RECR_INFO_COLL_UNIV_TEACHER
   68: RECR_INFO_COLL_TEACH_COMP_PROC
   69: RI_COLL_TCH_BASIC_PROCESS
   70: RI_COLL_TEACH_SELECT_DATE
   71: RI_COLL_TEACH_PRO_JNL
   72: RECR_INFO_SWA_JOB_ORDER_START
   73: RECR_INFO_SWA_JOB_ORDER_END
   74: RECR_INFO_SUNDAY_NEWSPAPER
   75: RI_1ST_AD_NEWSPAPER_NAME
   76: RECR_INFO_FIRST_AD_START
   77: RI_2ND_AD_NEWSPAPER_NAME
   78: RI_2ND_AD_NEWSPAPER_OR_JOURNAL
   79: RECR_INFO_SECOND_AD_START
   80: RECR_INFO_JOB_FAIR_FROM
   81: RECR_INFO_JOB_FAIR_TO
   82: RECR_INFO_ON_CAMPUS_RECR_FROM
   83: RECR_INFO_ON_CAMPUS_RECR_TO
   84: RI_EMPLOYER_WEB_POST_FROM
   85: RI_EMPLOYER_WEB_POST_TO
   86: RECR_INFO_PRO_ORG_ADVERT_FROM
   87: RECR_INFO_PRO_ORG_ADVERT_TO
   88: RI_JOB_SEARCH_WEBSITE_FROM
   89: RI_JOB_SEARCH_WEBSITE_TO
   90: RI_PVT_EMPLOYMENT_FIRM_FROM
   91: RI_PVT_EMPLOYMENT_FIRM_TO
   92: RI_EMPLOYEE_REFERRAL_PROG_FROM
   93: RI_EMPLOYEE_REFERRAL_PROG_TO
   94: RI_CAMPUS_PLACEMENT_FROM
   95: RI_CAMPUS_PLACEMENT_TO
   96: RI_LOCAL_ETHNIC_PAPER_FROM
   97: RI_LOCAL_ETHNIC_PAPER_TO
   98: RECR_INFO_RADIO_TV_AD_FROM
   99: RECR_INFO_RADIO_TV_AD_TO
  100: RECR_INFO_EMPLOYER_REC_PAYMENT
  101: RECR_INFO_BARG_REP_NOTIFIED
  102: RI_POSTED_NOTICE_AT_WORKSITE
  103: RI_LAYOFF_IN_PAST_SIX_MONTHS
  104: RI_US_WORKERS_CONSIDERED
  105: FOREIGN_WORKER_INFO_CITY
  106: FOREIGN_WORKER_INFO_STATE
  107: FW_INFO_POSTAL_CODE
  108: COUNTRY_OF_CITIZENSHIP
  109: FW_INFO_BIRTH_COUNTRY
  110: CLASS_OF_ADMISSION
  111: FOREIGN_WORKER_INFO_EDUCATION
  112: FW_INFO_EDUCATION_OTHER
  113: FOREIGN_WORKER_INFO_MAJOR
  114: FW_INFO_YR_REL_EDU_COMPLETED
  115: FOREIGN_WORKER_INFO_INST
  116: FW_INFO_TRAINING_COMP
  117: FW_INFO_REQ_EXPERIENCE
  118: FW_INFO_ALT_EDU_EXPERIENCE
  119: FW_INFO_REL_OCCUP_EXP
  120: PREPARER_INFO_EMP_COMPLETED
  121: PREPARER_INFO_TITLE
  122: EMPLOYER_DECL_INFO_TITLE
  123: NAICS_US_CODE
  124: NAICS_US_TITLE
  125: PW_JOB_TITLE_9089
  126: vvvvv
  127: APPLICATION_TYPE
  128: Date_Certified
  129: Date_Denied
  130: Date_Withdrawn

$ head 2008.csv
  CASE_NUMBER,APPLICATION_TYPE,DECISION_DATE,CASE_STATUS,EMPLOYER_NAME,EMPLOYER_ADDRESS_1,EMPLOYER_ADDRESS_2,EMPLOYER_CITY,EMPLOYER_STATE,EMPLOYER_POSTAL_CODE,2007_NAICS_US_CODE,2007_NAICS_US_TITLE,US_ECONOMIC_SECTOR,PW_SOC_CODE,PW_JOB_TITLE_9089,PW_LEVEL_9089,PW_AMOUNT_9089,PW_UNIT_OF_PAY_9089,WAGE_OFFER_FROM_9089,WAGE_OFFER_TO_9089,WAGE_OFFER_UNIT_OF_PAY_9089,JOB_INFO_WORK_CITY,JOB_INFO_WORK_STATE,COUNTRY_OF_CITZENSHIP,CLASS_OF_ADMISSION
  A-08271-91262,PERM,2008-09-29,DENIED,DC GRILL INC T/A DC CAFE,2035 P STREET NW,,WASHINGTON,DC,,,UNCLASSIFIED,UNCLASSIFIED,35-2014.00,UNCLASSIFIED,,,,10.23,,HR,WASHINGTON,DC,MAURITANIA,A1/A2
  C-07327-98303,PERM,2007-11-29,DENIED,NAG INC DBA ENGINEERING SYSTEMS,355 SOUTH GRAND AVENUE,SUITE 1650,LOS ANGELES,CA,,,UNCLASSIFIED,UNCLASSIFIED,19-3051.00,UNCLASSIFIED,,,,54000,,YR,LOS ANGELES,CA,PAKISTAN,A1/A2
  A-08029-18103,PERM,2008-07-10,CERTIFIED,"UNION ENTERPRISES, INC.",7821 WISE AVENUE,,BALTIMORE,MD,,,UNCLASSIFIED,UNCLASSIFIED,35-1012.00,UNCLASSIFIED,,,,9.8,,HR,BALTIMORE,MD,PHILIPPINES,A-3
$ head 2009.csv
  CASE_NUMBER,APPLICATION TYPE,DECISION DATE,CASE STATUS,EMPLOYER NAME,EMPLOYER ADDRESS_1,EMPLOYER ADDRESS_2,EMPLOYER CITY,EMPLOYER STATE,EMPLOYER POSTAL CODE,2007 NAICS US CODE,2007 NAICS US TITLE,US ECONOMIC SECTOR,PW SOC CODE,PW JOB TITLE 9089,PW LEVEL 9089,PW AMOUNT 9089,PW UNIT OF PAY 9089,WAGE OFFER FROM 9089,WAGE OFFER TO 9089,WAGE OFFER UNIT OF PAY 9089,JOB INFO WORK CITY,JOB INFO WORK STATE,COUNTRY OF CITZENSHIP,CLASS OF ADMISSION
  A-08312-03357,PERM,2008-11-07,Certified-Expired,PROTECH TEST BRIAN 1,200 TEST ST.,,WASHINGON,DC,,5411,Legal Services,Other Economic Sector,45-2092.02,farmer,Level I,1000,bi,1000,,bi,washington,DC,ARMENIA,
  A-06020-77242,PERM,2008-10-03,Certified-Expired,NICHOLAS SILAO,"24 CENTRAL PARK SOUTH, #4E",,NEW YORK,NY,,814110,Private Households,Other Economic Sector,37-2012.00,HOUSEKEEPER,Level II,12.3,hr,12.3,,hr,NEW YORK,NY,PHILIPPINES,B-2
  A-07331-98847,PERM,2009-08-26,Certified,THOMAS A. MOHLER,4490 ISLAND REEF DR.,,WELLINGTON,FL,,,,,35-2013.00,,,,,10.3,12,hr,WELLINGTON,FL,COSTA RICA,
$ head 2010.csv
  CASE_NO,APPLICATION_TYPE,DECISION_DATE,CASE_STATUS,EMPLOYER_NAME,EMPLOYER_ADDRESS_1,EMPLOYER_ADDRESS_2,EMPLOYER_CITY,EMPLOYER_STATE,EMPLOYER_POSTAL_CODE,2007_NAICS_US_CODE,2007_NAICS_US_TITLE,US_ECONOMIC_SECTOR,PW_SOC_CODE,PW_SOC_TITLE,PW_JOB_TITLE_9089,PW_LEVEL_9089,PW_SOURCE_NAME_9089,PW_AMOUNT_9089,PW_UNIT_OF_PAY_9089,WAGE_OFFER_FROM_9089,WAGE_OFFER_TO_9089,WAGE_OFFER_UNIT_OF_PAY_9089,JOB_INFO_WORK_CITY,JOB_INFO_WORK_STATE,COUNTRY_OF_CITZENSHIP,CLASS_OF_ADMISSION
  A-05152-05057,PERM,2010-09-01,Certified-Expired,J & M MACHINE CO.,5 CENTRAL AVENUE,,CLIFTON,NJ,7015,332721,Precision Turned Product Manufacturing,Advanced Mfg,51-4041.00,Machinists,Machinist,Level IV,OES,20.24,hr,20.24,,hr,CLIFTON,NJ,POLAND,
  A-05158-06048,PERM,2010-04-07,Withdrawn,TEST - ATLANTA DOL,233 PEACHTREE STREET,"HARRIS TOWER, SUITE 410",ATLANTA,GA,30303,92,Public Administration,Other Economic Sector,13-2011.01,Accountants,Accountant,Level I,Other,35000,yr,40000,,yr,Atlanta,GA,AUSTRALIA,H-1B
  A-05180-10419,PERM,2009-12-10,Denied,TUCKAHOE SALES AND REVICE,424 NORTH SEA ROAD,,SOUTHAMPTON,NY,11968,423830,Industrial Machinery and Equipment Merchant Wholesalers,Other Economic Sector,49-3041.00,Farm Equipment Mechanics,FARM EQUIPMENT MECHANIC,Level II,OES,13.11,hr,17,,hr,SOUTHAMPTON,NY,POLAND,
$ head 2011.csv
  CASE_NO,DECISION_DATE,CASE_STATUS,APPLICATION_TYPE,EMPLOYER_NAME,EMPLOYER_ADDRESS_1,EMPLOYER_ADDRESS_2,EMPLOYER_CITY,EMPLOYER_STATE,EMPLOYER_POSTAL_CODE,2007_NAICS_US_CODE,2007_NAICS_US_TITLE,US_ECONOMIC_SECTOR,PW_SOC_CODE,PW_SOC_TITLE,PW_JOB_TITLE_9089,PW_LEVEL_9089,PW_SOURCE_NAME_9089,PW_AMOUNT_9089,PW_UNIT_OF_PAY_9089,WAGE_OFFER_FROM_9089,WAGE_OFFER_TO_9089,WAGE_OFFER_UNIT_OF_PAY_9089,JOB_INFO_WORK_CITY,JOB_INFO_WORK_STATE,COUNTRY_OF_CITZENSHIP,CLASS_OF_ADMISSION
  A-05186-11563,2011-05-18,Denied,PERM,"MARKA EXPORTS,INC",1255 SW 58TH AVE,,HOLLYWOOD,FL,33023,425,Wholesale Electronic Markets and Agents and Brokers,Other Economic Sector,43-6014.00,"Secretaries, Except Legal, Medical, and Executive",Secretary,,Employer Conducted,400,bi,400,400,bi,Hollywood,FL,BRAZIL,B-2
  A-05207-17051,2011-09-22,Certified,PERM,SHAMIN HOTELS,2000 WARE BOTTOM SPRING ROAD,,CHESTER,VA,23838,72111,Hotels (except Casino Hotels) and Motels,Hospitality,49-9042.00,"Maintenance and Repair Workers, General",Maintenance & Repair Worker,Level III,OES,16.32,hr,16.35,,hr,Chester,VA,VENEZUELA,
  A-05228-23626,2011-04-04,Denied,PERM,BABY BOOMERS CHILDCARE CENTER,1735 EAST ATLANTIC BLVD,,POMPANO BEACH,FL,33060,624410,Child Day Care Services,Other Economic Sector,25-9031.00,Instructional Coordinators,Curriculum Specialist,Level I,OES,32594,yr,33000,,yr,Pompano Beach,FL,CANADA,H-4
$ head 2012.csv
  CASE_NO,DECISION_DATE,CASE_STATUS,APPLICATION_TYPE,EMPLOYER_NAME,EMPLOYER_ADDRESS_1,EMPLOYER_CITY,EMPLOYER_STATE,EMPLOYER_POSTAL_CODE,2007_NAICS_US_CODE,2007_NAICS_US_TITLE,US_ECONOMIC_SECTOR,PW_SOC_CODE,PW_SOC_TITLE,PW_JOB_TITLE_9089,PW_LEVEL_9089,PW_SOURCE_NAME_9089,PW_AMOUNT_9089,PW_UNIT_OF_PAY_9089,WAGE_OFFER_FROM_9089,WAGE_OFFER_TO_9089,WAGE_OFFER_UNIT_OF_PAY_9089,JOB_INFO_WORK_CITY,JOB_INFO_WORK_STATE,COUNTRY_OF_CITZENSHIP,CLASS_OF_ADMISSION
  A-05112-01520,2012-04-03,Certified-Expired,ONLINE,LSU HEALTH SCIENCES CENTER,1501 KINGS HIGHWAY,SHREVEPORT,LOUISIANA,71130-3932,611310,,Educational Services,25-1071.00,,"Health Specialties Teachers, Postsecondary",Level II,Other,77220,yr,95000,,yr,Shreveport,LOUISIANA,PAKISTAN,H-1B
  A-05263-34590,2012-03-19,Denied,MAILEDIN,"DAK, INC D/B/A DUNKIN DONUTS",333  NORTH AVENUE,CRANFORD,NEW JERSEY,7016,445291,,,51-3011.00,,,,,,,,,,Cranford,NEW JERSEY,PHILIPPINES,
  A-06005-71583,2011-12-30,Denied,MAILEDIN,"ATLANTIC LANDSCAPE SERVICES, INC.",201 MONTAUK HIGHWAY,SPEONK,NEW YORK,11972,561730,,,37-3011.00,,,,,,,,,,Speonk,NEW YORK,GUATEMALA,
$ head 2013.csv
  CASE_NO,Decision_Date,Case_Status,APPLICATION_TYPE,Employer_Name,Employer_address_1,Employer_address_2,Employer_City,Employer_State,Employer_Postal_Code,2007_NAICS_US_Code,2007 NAICS US TITLE,US ECONOMIC SECTOR,PW_SOC_Code,PW SOC Title,Add_These_PW_Job_Title_9089,PW_LEVEL_9089,PW_Job_Title_9089,PW_SOURCE_NAME_9089,PW_AMOUNT_9089,PW_Unit_of_Pay_9089,WAGE_OFFERED_FROM_9089,WAGE_OFFERED_TO_9089,Job_Info_Work_City,Job_Info_Work_State,Country_of_Citizenship,Class_of_Admission
  A-09042-27228,2013-08-16,Certified,ONLINE,ARCHITECTURAL STONE ACCENTS INC,3661 PRESIDENTIAL PKWY,,ATLANTA,GEORGIA,30340,238340,Tile and Terrazzo Contractors,Construction,51-1011.00,First-Line Supervisors/Managers of Production and Operating Workers,Production Supervisor,Level IV,First-Line Supervisors/Managers of Production and Operating Workers,OES,27.26,Hour,28,,ATLANTA,GEORGIA,BRAZIL,
$ head 2014.csv
  CASE_NO,Decision_Date,Case_Status,APPLICATION_TYPE,Employer_Name,Employer_address_1,Employer_address_2,Employer_City,Employer_State,Employer_Postal_Code,2007_NAICS_US_CODE,2007_NAICS_US_TITLE,US_ECONOMIC_SECTOR,PW_SOC_Code,PW_SOC_TITLE,PW_Job_Title_9089,PW_LEVEL_9089,PW_SOURCE_NAME_9089,PW_AMOUNT_9089,PW_UNIT_OF_PAY_9089,WAGE_OFFERED_FROM_9089,WAGE_OFFERED_TO_9089,WAGE_OFFERED_UNIT_OF_PAY_9089,Job_Info_Work_City,Job_Info_Work_State,Country_of_Citizenship,Class_of_Admission
  A-12223-90085,2014-02-21,Certified-Expired,ONLINE,"PERKINELMER HEALTH SCIENCES, INC.",940 WINTER ST.,,WALTHAM,MASSACHUSETTS,02451,54171,"Research and Development in the Physical, Engineering, and Life Sciences",Biotechnology,15-1121,Computer Systems Analysts,Computer Systems Analysts,Level IV,OES,116542.4,Year,117000,,Year,Shelton,CONNECTICUT,INDIA,H-1B
  A-12238-94132,2013-10-28,Certified-Expired,ONLINE,CENTRAL CONSOLIDATED SCHOOL DISTRICT,PO BOX 1199,,SHIPROCK,NEW MEXICO,87420,611110,Elementary and Secondary Schools,Educational Services,25-2031,"Secondary School Teachers, Except Special and Career/Technical Education","Secondary School Teachers, Except Special and Career/Technical Education",,CBA,36981,Year,36981,,Year,SHIPROCK,NEW MEXICO,PHILIPPINES,H-1B
  A-12238-94142,2014-01-08,Certified-Expired,ONLINE,"WAL-MART ASSOCIATES, INC.",702 SOUTHWEST 8TH ST.,,BENTONVILLE,ARKANSAS,72716-0215,452112,Discount Department Stores,Retail,15-1132,"Software Developers, Applications","Software Developers, Applications",Level I,OES,42973,Year,61380,70040,Year,Bentonville,ARKANSAS,INDIA,H-1B
$ head 2015.csv
  CASE_NUMBER,DECISION_DATE,CASE_STATUS,CASE_RECEIVED_DATE,REFILE,ORIG_FILE_DATE,ORIG_CASE_NO,SCHD_A_SHEEPHERDER,EMPLOYER_NAME,EMPLOYER_ADDRESS_1,EMPLOYER_ADDRESS_2,EMPLOYER_CITY,EMPLOYER_STATE,EMPLOYER_COUNTRY,EMPLOYER_POSTAL_CODE,EMPLOYER_PHONE,EMPLOYER_PHONE_EXT,EMPLOYER_NUM_EMPLOYEES,EMPLOYER_YR_ESTAB,FW_OWNERSHIP_INTEREST,AGENT_FIRM_NAME,AGENT_CITY,AGENT_STATE,PW_TRACK_NUM,PW_SOC_CODE,PW_SOC_TITLE,PW_LEVEL_9089,PW_AMOUNT_9089,PW_UNIT_OF_PAY_9089,PW_SOURCE_NAME_9089,PW_SOURCE_NAME_OTHER_9089,PW_DETERM_DATE,PW_EXPIRE_DATE,WAGE_OFFER_FROM_9089,WAGE_OFFER_TO_9089,WAGE_OFFER_UNIT_OF_PAY_9089,JOB_INFO_WORK_CITY,JOB_INFO_WORK_STATE,JOB_INFO_WORK_POSTAL_CODE,JOB_INFO_JOB_TITLE,JOB_INFO_EDUCATION,JOB_INFO_EDUCATION_OTHER,JOB_INFO_MAJOR,JOB_INFO_TRAINING,JOB_INFO_TRAINING_NUM_MONTHS,JOB_INFO_TRAINING_FIELD,JOB_INFO_EXPERIENCE,JOB_INFO_EXPERIENCE_NUM_MONTHS,JOB_INFO_ALT_FIELD,JOB_INFO_ALT_FIELD_NAME,JOB_INFO_ALT_COMBO_ED_EXP,JOB_INFO_ALT_COMBO_ED,JOB_INFO_ALT_COMBO_ED_OTHER,JOB_INFO_ALT_CMB_ED_OTH_YRS,JOB_INFO_FOREIGN_ED,JOB_INFO_ALT_OCC,JOB_INFO_ALT_OCC_NUM_MONTHS,JOB_INFO_ALT_OCC_JOB_TITLE,JOB_INFO_JOB_REQ_NORMAL,JOB_INFO_FOREIGN_LANG_REQ,JOB_INFO_COMBO_OCCUPATION,JI_OFFERED_TO_SEC_J_FOREIGN_WORKER,JI_FOREIGN_WORKER_LIVE_ON_PREMISES,JI_LIVE_IN_DOMESTIC_SERVICE,JI_LIVE_IN_DOM_SVC_CONTRACT,RECR_INFO_PROFESSIONAL_OCC,RECR_INFO_COLL_UNIV_TEACHER,RECR_INFO_COLL_TEACH_COMP_PROC,RI_COLL_TCH_BASIC_PROCESS,RI_COLL_TEACH_SELECT_DATE,RI_COLL_TEACH_PRO_JNL,RECR_INFO_SWA_JOB_ORDER_START,RECR_INFO_SWA_JOB_ORDER_END,RECR_INFO_SUNDAY_NEWSPAPER,RI_1ST_AD_NEWSPAPER_NAME,RECR_INFO_FIRST_AD_START,RI_2ND_AD_NEWSPAPER_NAME,RI_2ND_AD_NEWSPAPER_OR_JOURNAL,RECR_INFO_SECOND_AD_START,RECR_INFO_JOB_FAIR_FROM,RECR_INFO_JOB_FAIR_TO,RECR_INFO_ON_CAMPUS_RECR_FROM,RECR_INFO_ON_CAMPUS_RECR_TO,RI_EMPLOYER_WEB_POST_FROM,RI_EMPLOYER_WEB_POST_TO,RECR_INFO_PRO_ORG_ADVERT_FROM,RECR_INFO_PRO_ORG_ADVERT_TO,RI_JOB_SEARCH_WEBSITE_FROM,RI_JOB_SEARCH_WEBSITE_TO,RI_PVT_EMPLOYMENT_FIRM_FROM,RI_PVT_EMPLOYMENT_FIRM_TO,RI_EMPLOYEE_REFERRAL_PROG_FROM,RI_EMPLOYEE_REFERRAL_PROG_TO,RI_CAMPUS_PLACEMENT_FROM,RI_CAMPUS_PLACEMENT_TO,RI_LOCAL_ETHNIC_PAPER_FROM,RI_LOCAL_ETHNIC_PAPER_TO,RECR_INFO_RADIO_TV_AD_FROM,RECR_INFO_RADIO_TV_AD_TO,RECR_INFO_EMPLOYER_REC_PAYMENT,REC_INFO_BARG_REP_NOTIFIED,RI_POSTED_NOTICE_AT_WORKSITE,RI_LAYOFF_IN_PAST_SIX_MONTHS,RI_US_WORKERS_CONSIDERED,FOREIGN_WORKER_INFO_CITY,FOREIGN_WORKER_INFO_STATE,FW_INFO_POSTAL_CODE,COUNTRY_OF_CITIZENSHIP,FW_INFO_BIRTH_COUNTRY,CLASS_OF_ADMISSION,FOREIGN_WORKER_INFO_EDUCATION,FW_INFO_EDUCATION_OTHER,FOREIGN_WORKER_INFO_MAJOR,FW_INFO_YR_REL_EDU_COMPLETED,FOREIGN_WORKER_INFO_INST,FW_INFO_TRAINING_COMP,FW_INFO_REQ_EXPERIENCE,FW_INFO_ALT_EDU_EXPERIENCE,FW_INFO_REL_OCCUP_EXP,PREPARER_INFO_EMP_COMPLETED,PREPARER_INFO_TITLE,EMPLOYER_DECL_INFO_TITLE,NAICS_US_CODE,NAICS_US_TITLE,PW_Job_Title_9089
  A-14220-96665,2015-02-03,Certified-Expired,2014-09-10,False,,,False,UNION PACIFIC RAILROAD,"1400 DOUGLAS ST, STOP CODE 0320",,OMAHA,NEBRASKA,UNITED STATES OF AMERICA,68179,402-544-7074,,45000,1862,False,Attorney at Law,Omaha,NEBRASKA,P10014043801997,15-1132,"Software Developers, Applications",Level III,76482,Year,OES,,2014-04-08,2014-07-07,93000,,Year,Omaha,NEBRASKA,68179,Associate Systems Engineer,Master's,,Computer Science/Engineering/Science,False,,,True,36,False,,True,Bachelor's,,8,True,False,,,True,False,False,True,False,False,,True,False,,,,,2014-05-15,2014-06-27,True,Sunday Omaha World Herald,2014-05-25,Sunday Omaha World Herald,True,2014-06-01,,,,,2014-05-15,2014-06-27,,,2014-05-16,2014-06-27,,,,,2014-05-23,2014-06-27,,,,,False,A,Y,False,,OMAHA,NEBRASKA,68154,INDIA,INDIA,H-1B,Bachelor's,,COMPUTER SCIENCE,2004,A SWAMI RAMANAND TEERTH MARATHWADA UNIVERSITY,A,Y,Y,A,False,Attorney at Law,"Assistant Vice President, Human Resources",482111,Line-Haul Railroads,"Software Developers, Applications"
  A-14220-96720,2015-01-12,Certified-Expired,2014-08-08,False,,,False,VST CONSULTING INC,200 MIDDLESEX ESSEX TPK,SUITE 102,ISELIN,NEW JERSEY,UNITED STATES OF AMERICA,08830,732-404-0025,11,80,2002,False,"NAIR LAW GROUP, A PROFESSIONAL CORPORATION",ISELIN,NEW JERSEY,P10014069885302,15-1132,"Software Developers, Applications",Level III,90459,Year,OES,,2014-04-25,2014-07-24,90459,,Year,Iselin,NEW JERSEY,08830,Business Analyst,Master's,,"Business Admin., Mgmt. Info. Systems., Finance, Comp Science, or any related",False,,,True,12,False,,False,,,,True,True,12,Any related occupation.,True,False,False,True,False,False,,True,False,,,,,2014-05-29,2014-07-03,True,The Star-Ledger,2014-06-01,The Star-Ledger,True,2014-06-08,,,,,2014-05-30,2014-06-27,,,2014-05-29,2014-06-27,,,,,,,2014-06-04,2014-06-04,,,False,A,Y,False,,NEWARK,DELAWARE,19702,INDIA,INDIA,H-1B,Master's,,BUSINESS ADMINISTRATION,2011,HULT INTERNATIONAL BUSINESS SCHOOL,A,Y,A,Y,False,ATTORNEY,PRESIDENT,541511,Custom Computer Programming Services,"Software Developers, Applications"
  A-14203-91167,2014-12-18,Certified-Expired,2014-07-28,False,,,False,GOOGLE INC.,1600 AMPHITHEATRE PARKWAY,,MOUNTAIN VIEW,CALIFORNIA,UNITED STATES OF AMERICA,94043,650-253-0000,,53861,1998,False,Berry Appleman & Leiden LLP,Dallas,TEXAS,P10014043266107,15-1132,"Software Developers, Applications",Level II,98675,Year,OES,,2014-05-01,2014-07-30,140000,210000,Year,Mountain View,CALIFORNIA,94043,Software Engineer,Master's,,"Comp. Sci., Elec. Eng., Comp. Eng.,Comp. Info. Syst.,or a related field",False,,,False,,False,,True,Bachelor's,,5,True,True,24,See H.14,False,False,False,True,False,False,,True,False,,,,,2014-03-10,2014-04-11,True,San Jose Mercury News,2014-03-23,San Jose Mercury News,True,2014-03-30,,,,,,,2014-03-21,2014-04-01,2014-03-21,2014-04-01,,,,,,,2014-03-26,2014-03-26,,,False,A,Y,False,,PALO ALTO,CALIFORNIA,94306,SOUTH KOREA,SOUTH KOREA,L-1,Master's,,COMPUTER SCIENCE,2000,KAIST,A,A,N,Y,False,Attorney,Immigration Program Specialist,541512,Computer Systems Design Services,"Software Developers, Applications"
  A-14206-92509,2015-03-10,Certified-Expired,2014-10-19,False,,,False,INTEL CORPORATION,2200 MISSION COLLEGE BLVD.,,SANTA CLARA,CALIFORNIA,UNITED STATES OF AMERICA,95052,4087658080,,46544,1968,False,"Fragomen, Del Rey, Bernsen & Loewy, LLP",Phoenix,ARIZONA,P10013352726478,17-2072,"Electronics Engineers, Except Computer",,80617,Year,Other,Radford Global Technology Survey 2013,2014-03-05,2014-06-30,80617,145300,Year,Folsom,CALIFORNIA,95630,Graphics Hardware Engineer,Master's,,"Elec&Comp/Elect/Comp Engr, or Scie, or reld Scie, or Engr Disc",False,,,False,,False,,False,,,,True,False,,,True,False,False,True,False,False,,True,False,,,,,2014-06-05,2014-07-07,True,The Sacramento Bee,2014-06-08,The Sacramento Bee,True,2014-06-15,,,,,,,2014-07-01,2014-07-01,2014-06-11,2014-06-18,,,,,,,2014-06-13,2014-06-13,,,False,A,Y,False,,RANCHO CORDOVA,CALIFORNIA,95670,BANGLADESH,BANGLADESH,H-1B,Master's,,ELECTRICAL ENGINEERING,2010,ARIZONA STATE UNIVERSITY,A,A,A,A,False,Attorney,U.S. Immigration Ops Manager,3344,Semiconductor and Other Electronic Component Manufacturing,"Electronics Engineers, Except Computer"
$ head 2016.csv
  CASE_NUMBER,DECISION_DATE,CASE_STATUS,CASE_RECEIVED_DATE,REFILE,ORIG_FILE_DATE,ORIG_CASE_NO,SCHD_A_SHEEPHERDER,EMPLOYER_NAME,EMPLOYER_ADDRESS_1,EMPLOYER_ADDRESS_2,EMPLOYER_CITY,EMPLOYER_STATE,EMPLOYER_COUNTRY,EMPLOYER_POSTAL_CODE,EMPLOYER_PHONE,EMPLOYER_PHONE_EXT,EMPLOYER_NUM_EMPLOYEES,EMPLOYER_YR_ESTAB,FW_OWNERSHIP_INTEREST,AGENT_FIRM_NAME,AGENT_CITY,AGENT_STATE,PW_TRACK_NUM,PW_SOC_CODE,PW_SOC_TITLE,PW_LEVEL_9089,PW_AMOUNT_9089,PW_UNIT_OF_PAY_9089,PW_SOURCE_NAME_9089,PW_SOURCE_NAME_OTHER_9089,PW_DETERM_DATE,PW_EXPIRE_DATE,WAGE_OFFER_FROM_9089,WAGE_OFFER_TO_9089,WAGE_OFFER_UNIT_OF_PAY_9089,JOB_INFO_WORK_CITY,JOB_INFO_WORK_STATE,JOB_INFO_WORK_POSTAL_CODE,JOB_INFO_JOB_TITLE,JOB_INFO_EDUCATION,JOB_INFO_EDUCATION_OTHER,JOB_INFO_MAJOR,JOB_INFO_TRAINING,JOB_INFO_TRAINING_NUM_MONTHS,JOB_INFO_TRAINING_FIELD,JOB_INFO_EXPERIENCE,JOB_INFO_EXPERIENCE_NUM_MONTHS,JOB_INFO_ALT_FIELD,JOB_INFO_ALT_FIELD_NAME,JOB_INFO_ALT_COMBO_ED_EXP,JOB_INFO_ALT_COMBO_ED,JOB_INFO_ALT_COMBO_ED_OTHER,JOB_INFO_ALT_CMB_ED_OTH_YRS,JOB_INFO_FOREIGN_ED,JOB_INFO_ALT_OCC,JOB_INFO_ALT_OCC_NUM_MONTHS,JOB_INFO_ALT_OCC_JOB_TITLE,JOB_INFO_JOB_REQ_NORMAL,JOB_INFO_FOREIGN_LANG_REQ,JOB_INFO_COMBO_OCCUPATION,JI_OFFERED_TO_SEC_J_FW,JI_FW_LIVE_ON_PREMISES,JI_LIVE_IN_DOMESTIC_SERVICE,JI_LIVE_IN_DOM_SVC_CONTRACT,RECR_INFO_PROFESSIONAL_OCC,RECR_INFO_COLL_UNIV_TEACHER,RECR_INFO_COLL_TEACH_COMP_PROC,RI_COLL_TCH_BASIC_PROCESS,RI_COLL_TEACH_SELECT_DATE,RI_COLL_TEACH_PRO_JNL,RECR_INFO_SWA_JOB_ORDER_START,RECR_INFO_SWA_JOB_ORDER_END,RECR_INFO_SUNDAY_NEWSPAPER,RI_1ST_AD_NEWSPAPER_NAME,RECR_INFO_FIRST_AD_START,RI_2ND_AD_NEWSPAPER_NAME,RI_2ND_AD_NEWSPAPER_OR_JOURNAL,RECR_INFO_SECOND_AD_START,RECR_INFO_JOB_FAIR_FROM,RECR_INFO_JOB_FAIR_TO,RECR_INFO_ON_CAMPUS_RECR_FROM,RECR_INFO_ON_CAMPUS_RECR_TO,RI_EMPLOYER_WEB_POST_FROM,RI_EMPLOYER_WEB_POST_TO,RECR_INFO_PRO_ORG_ADVERT_FROM,RECR_INFO_PRO_ORG_ADVERT_TO,RI_JOB_SEARCH_WEBSITE_FROM,RI_JOB_SEARCH_WEBSITE_TO,RI_PVT_EMPLOYMENT_FIRM_FROM,RI_PVT_EMPLOYMENT_FIRM_TO,RI_EMPLOYEE_REFERRAL_PROG_FROM,RI_EMPLOYEE_REFERRAL_PROG_TO,RI_CAMPUS_PLACEMENT_FROM,RI_CAMPUS_PLACEMENT_TO,RI_LOCAL_ETHNIC_PAPER_FROM,RI_LOCAL_ETHNIC_PAPER_TO,RECR_INFO_RADIO_TV_AD_FROM,RECR_INFO_RADIO_TV_AD_TO,RECR_INFO_EMPLOYER_REC_PAYMENT,RECR_INFO_BARG_REP_NOTIFIED,RI_POSTED_NOTICE_AT_WORKSITE,RI_LAYOFF_IN_PAST_SIX_MONTHS,RI_US_WORKERS_CONSIDERED,FOREIGN_WORKER_INFO_CITY,FOREIGN_WORKER_INFO_STATE,FW_INFO_POSTAL_CODE,COUNTRY_OF_CITIZENSHIP,FW_INFO_BIRTH_COUNTRY,CLASS_OF_ADMISSION,FOREIGN_WORKER_INFO_EDUCATION,FW_INFO_EDUCATION_OTHER,FOREIGN_WORKER_INFO_MAJOR,FW_INFO_YR_REL_EDU_COMPLETED,FOREIGN_WORKER_INFO_INST,FW_INFO_TRAINING_COMP,FW_INFO_REQ_EXPERIENCE,FW_INFO_ALT_EDU_EXPERIENCE,FW_INFO_REL_OCCUP_EXPERIENCE,PREPARER_INFO_EMP_COMPLETED,PREPARER_INFO_TITLE,EMPLOYER_DECL_INFO_TITLE,NAICS_US_CODE,NAICS_US_TITLE,PW_Job_Title_9089
  A-15096-64168,2015-10-01,Withdrawn,2015-05-05,False,,,False,"Think Primary Care, LLC",7101 Mercy Road,Suite 320,Omaha,NE,UNITED STATES OF AMERICA,68106,4028350500,107,54,2013,False,Jackson Lewis PC,Omaha,NE,P10014343361482,11-1011,Chief Executives,Level III,192317,Year,OES,,2015-01-29,2015-06-30,350000,,Year,Omaha,NE,68106,Chief Executive Officer,Master's,,Business Administration,False,,,True,120,False,,False,,,,True,,,,True,False,False,True,False,False,,True,False,,,,,2014-12-10,2015-01-12,True,Omaha World-Herald,2014-11-30,Omaha World-Herald,True,2014-12-07,,,,,,,,,2014-11-25,2014-12-11,,,,,,,2014-12-18,2014-12-24,2014-12-02,2014-12-02,False,A,Y,False,,OMAHA,NE,68114,IRELAND,IRELAND,E-2,Master's,,BUSINESS STUDIES,1997,UNIVERSITY OF DUBLIN,A,Y,A,A,False,Attorney,Chief Financial Officer,621498,All Other Outpatient Care Centers,Chief Executive
  A-15273-23908,2015-10-01,Withdrawn,2015-10-01,False,,,False,Shopping & Shopping of Miami Corp,102 SE 1st Street,,Miami,FL,UNITED STATES OF AMERICA,33131,3059785707,,5,2001,False,Green Card USA through Job Offer,Miami,FL,p10015132402333,11-1021,General and Operations Managers,Level III,135533,Year,OES,,2015-07-15,2016-06-30,135533,135533,Year,Miami,FL,33131,Manager,High School,,,False,,,True,24,False,,False,,,,True,,,,True,False,False,True,False,False,,True,False,,,,,2015-07-15,2015-08-17,True,Miami Herald,2015-08-02,Miami Herald,True,2015-08-16,,,,,,,,,2015-07-15,2015-08-20,,,2015-08-03,2015-08-07,,,2015-08-04,2015-08-17,,,False,A,Y,False,,HIALEAH,FL,33015,BRAZIL,BRAZIL,C-3,High School,,,2004,AMERICAN SENIOR HIGH SCHOOL,A,Y,A,A,False,President,President,451110,Sporting Goods Stores,Manager
  A-15063-55943,2015-10-01,Certified-Expired,2015-03-10,,,,False,TEXAS BACK INSTITUTE,6020 WEST PARKER RD,SUITE 200,PLANO,TX,UNITED STATES OF AMERICA,75093,972-608-5000,,130,1978,False,"Law Office of Kamlesan Naidoo, PLLC",Richardson,TX,p10014253069701,11-1021,General and Operations Managers,Level IV,166837,Year,OES,,2014-10-30,2015-06-30,167000,,Year,Plano,TX,75093,Director of Project Management,Master's,,Business Administration,False,,,True,24,False,,False,,,,True,,24,Executive Assistant/Manager,True,True,False,True,False,False,,True,False,,,,,2014-09-23,2014-10-23,True,The Dallas Morning News,2014-10-26,The Dallas Morning News,True,2014-11-02,,,,,2014-09-18,2014-10-18,,,2014-10-26,2014-11-24,,,,,,,2014-10-30,2014-11-05,,,False,A,Y,False,,KANSAS CITY,MO,64114,CHINA,CHINA,H-1B,Master's,,BUSINESS ADMINISTRATION,2008,UNIVERSITY ON NEW HAVEN,A,Y,A,Y,False,Attorney,Director HR,622110,General Medical and Surgical Hospitals,General and Operations Managers
  A-15258-17757,2015-10-01,Withdrawn,2015-10-01,False,,,False,"SARASOTA LAKEWOOD RANCH VENTURES, LLC",8210 LAKEWOOD RANCH BLVD.,,LAKEWOOD RANCH,FL,UNITED STATES OF AMERICA,34202,9415560500,,6,2006,False,,Sarasota,FL,P10015013047911,11-2021,Marketing Managers,Level II,83699,Year,OES,,2015-03-10,2015-06-30,83699,83699,Year,Lakewood Ranch,FL,34202,International Marketing Specialist,Master's,,Business Administration,False,,,True,24,True,"Marketing, International Relations, Economics",False,,,,True,"Marketing, International Relations, Economics",,,True,False,False,True,False,False,,True,False,,,,,2015-04-30,2015-05-30,True,Sarasota Herald Tribune,2015-04-26,Sarasota Herald Tribune,True,2015-05-03,,,,,,,,,2015-05-05,2015-05-13,,,,,,,2015-05-14,2015-05-14,2015-05-30,2015-05-31,False,A,Y,False,,LAKEWOOD RANCH,FL,34202,UNITED KINGDOM,UNITED KINGDOM,E-2,Master's,,BUSINESS ADMINISTRATION,2000,UNIVERSITY OF NEWCASTLE UPON TYNE,A,Y,A,A,False,Attorney,Operating Principal/Broker,53131,Real Estate Property Managers,Market Research Analysts and Marketing Specialists
$ head 2017.csv
  CASE_NUMBER,DECISION_DATE,CASE_STATUS,CASE_RECEIVED_DATE,REFILE,ORIG_FILE_DATE,ORIG_CASE_NO,SCHD_A_SHEEPHERDER,EMPLOYER_NAME,EMPLOYER_ADDRESS_1,EMPLOYER_ADDRESS_2,EMPLOYER_CITY,EMPLOYER_STATE,EMPLOYER_COUNTRY,EMPLOYER_POSTAL_CODE,EMPLOYER_PHONE,EMPLOYER_PHONE_EXT,EMPLOYER_NUM_EMPLOYEES,EMPLOYER_YR_ESTAB,FW_OWNERSHIP_INTEREST,AGENT_FIRM_NAME,AGENT_CITY,AGENT_STATE,PW_TRACK_NUM,PW_SOC_CODE,PW_SOC_TITLE,PW_LEVEL_9089,PW_AMOUNT_9089,PW_UNIT_OF_PAY_9089,PW_SOURCE_NAME_9089,PW_SOURCE_NAME_OTHER_9089,PW_DETERM_DATE,PW_EXPIRE_DATE,WAGE_OFFER_FROM_9089,WAGE_OFFER_TO_9089,WAGE_OFFER_UNIT_OF_PAY_9089,JOB_INFO_WORK_CITY,JOB_INFO_WORK_STATE,JOB_INFO_WORK_POSTAL_CODE,JOB_INFO_JOB_TITLE,JOB_INFO_EDUCATION,JOB_INFO_EDUCATION_OTHER,JOB_INFO_MAJOR,JOB_INFO_TRAINING,JOB_INFO_TRAINING_NUM_MONTHS,JOB_INFO_TRAINING_FIELD,JOB_INFO_EXPERIENCE,JOB_INFO_EXPERIENCE_NUM_MONTHS,JOB_INFO_ALT_FIELD,JOB_INFO_ALT_FIELD_NAME,JOB_INFO_ALT_COMBO_ED_EXP,JOB_INFO_ALT_COMBO_ED,JOB_INFO_ALT_COMBO_ED_OTHER,JOB_INFO_ALT_CMB_ED_OTH_YRS,JOB_INFO_FOREIGN_ED,JOB_INFO_ALT_OCC,JOB_INFO_ALT_OCC_NUM_MONTHS,JOB_INFO_ALT_OCC_JOB_TITLE,JOB_INFO_JOB_REQ_NORMAL,JOB_INFO_FOREIGN_LANG_REQ,JOB_INFO_COMBO_OCCUPATION,JI_OFFERED_TO_SEC_J_FW,JI_FW_LIVE_ON_PREMISES,JI_LIVE_IN_DOMESTIC_SERVICE,JI_LIVE_IN_DOM_SVC_CONTRACT,RECR_INFO_PROFESSIONAL_OCC,RECR_INFO_COLL_UNIV_TEACHER,RECR_INFO_COLL_TEACH_COMP_PROC,RI_COLL_TCH_BASIC_PROCESS,RI_COLL_TEACH_SELECT_DATE,RI_COLL_TEACH_PRO_JNL,RECR_INFO_SWA_JOB_ORDER_START,RECR_INFO_SWA_JOB_ORDER_END,RECR_INFO_SUNDAY_NEWSPAPER,RI_1ST_AD_NEWSPAPER_NAME,RECR_INFO_FIRST_AD_START,RI_2ND_AD_NEWSPAPER_NAME,RI_2ND_AD_NEWSPAPER_OR_JOURNAL,RECR_INFO_SECOND_AD_START,RECR_INFO_JOB_FAIR_FROM,RECR_INFO_JOB_FAIR_TO,RECR_INFO_ON_CAMPUS_RECR_FROM,RECR_INFO_ON_CAMPUS_RECR_TO,RI_EMPLOYER_WEB_POST_FROM,RI_EMPLOYER_WEB_POST_TO,RECR_INFO_PRO_ORG_ADVERT_FROM,RECR_INFO_PRO_ORG_ADVERT_TO,RI_JOB_SEARCH_WEBSITE_FROM,RI_JOB_SEARCH_WEBSITE_TO,RI_PVT_EMPLOYMENT_FIRM_FROM,RI_PVT_EMPLOYMENT_FIRM_TO,RI_EMPLOYEE_REFERRAL_PROG_FROM,RI_EMPLOYEE_REFERRAL_PROG_TO,RI_CAMPUS_PLACEMENT_FROM,RI_CAMPUS_PLACEMENT_TO,RI_LOCAL_ETHNIC_PAPER_FROM,RI_LOCAL_ETHNIC_PAPER_TO,RECR_INFO_RADIO_TV_AD_FROM,RECR_INFO_RADIO_TV_AD_TO,RECR_INFO_EMPLOYER_REC_PAYMENT,RECR_INFO_BARG_REP_NOTIFIED,RI_POSTED_NOTICE_AT_WORKSITE,RI_LAYOFF_IN_PAST_SIX_MONTHS,RI_US_WORKERS_CONSIDERED,FOREIGN_WORKER_INFO_CITY,FOREIGN_WORKER_INFO_STATE,FW_INFO_POSTAL_CODE,COUNTRY_OF_CITIZENSHIP,FW_INFO_BIRTH_COUNTRY,CLASS_OF_ADMISSION,FOREIGN_WORKER_INFO_EDUCATION,FW_INFO_EDUCATION_OTHER,FOREIGN_WORKER_INFO_MAJOR,FW_INFO_YR_REL_EDU_COMPLETED,FOREIGN_WORKER_INFO_INST,FW_INFO_TRAINING_COMP,FW_INFO_REQ_EXPERIENCE,FW_INFO_ALT_EDU_EXPERIENCE,FW_INFO_REL_OCCUP_EXP,PREPARER_INFO_EMP_COMPLETED,PREPARER_INFO_TITLE,EMPLOYER_DECL_INFO_TITLE,NAICS_US_CODE,NAICS_US_TITLE,PW_JOB_TITLE_9089
  A-16243-47818,2016-10-03,Withdrawn,2016-10-03,False,,,False,XAVIENT INFORMATION SYSTEMS,"2125 MADERA ROAD, SUITE B",,SIMI VALLEY,CA,UNITED STATES OF AMERICA,93065,8054043214,,225,2002,False,Global Immigration Partners,Calabasas Hills,CA,P10016116463971,15-1132,"Software Developers, Applications",Level IV,119683.00,Year,OES,,2016-07-07,2017-06-30,"119,683.00",,Year,Simi Valley,CA,93065,Sr. Automation Test Engineer,Master's,,See H-14.,False,,,True,36,True,See H-14.,True,Bachelor's,,5,True,See H-14.,36,See H-14.,True,False,False,True,False,False,,True,False,,,,,2016-07-07,2016-08-11,True,The Ventura County Star,2016-07-17,The Ventura County Star,True,2016-07-24,,,,,2016-07-13,2016-07-29,,,2016-07-07,2016-07-21,,,,,,,,,2016-07-28,2016-07-28,False,A,Y,False,,PLEASANT GROVE,UT,84062,INDIA,INDIA,H-1B,Bachelor's,,TECHNOLOGY (EQUATES TO US BACHELORS IN ELECTRONIC ENGINEERING),2007,PUNJAB TECHNICAL UNIVERSITY,A,N,Y,Y,False,Attorney,Human Resources Manager,541511,Custom Computer Programming Services,"Software Developers, Applications"
  A-16274-58094,2016-10-03,Withdrawn,2016-10-03,False,,,False,MARVELL SEMICONDUCTOR INC,5488 MARVELL LANE,,SANTA CLARA,CA,UNITED STATES OF AMERICA,95054,408-222-2500,,2000,1995,False,"Epstein Becker & Green, P.C.",San Francisco,CA,P10015222670812,17-2072,"Electronics Engineers, Except Computer",,89150.00,Year,Other,Radford Global Technology Survey 2015,2015-10-05,2016-06-30,"89,200.00","102,000.00",Year,Santa Clara,CA,95054,Digital Design Engineer,Master's,,Electrical/Electronic Engineering or related technical field,False,,,False,,True,Electrical/Electronic Engineering or related technical field,False,,,,True,Electrical/Electronic Engineering or related technical field,,,False,False,False,True,False,False,,True,False,,,,,2016-04-15,2016-05-19,True,San Jose Mercury News,2016-04-17,San Jose Mercury News,True,2016-04-24,,,,,,,,,2016-04-19,2016-04-26,,,,,2016-04-19,2016-05-03,2016-04-22,2016-04-22,,,False,A,Y,False,,SAN JOSE,CA,95133,CHINA,CHINA,H-1B,Master's,,ELECTRICAL ENGINEERING,2014,UNIVERSITY OF SOUTHERN CALIFORNIA,A,A,A,A,False,Attorney,minhmnn@marvell.com,334413,Semiconductor and Related Device Manufacturing,"Electronics Engineers, Except Computer"
  A-16273-57601,2016-10-03,Withdrawn,2016-09-29,False,,,False,"MUY BRANDS, LLC",17890 BLANCO RD.,SUITE 401,SAN ANTONIO,TX,UNITED STATES OF AMERICA,78232,2104082426,,2027,2003,False,GIBS A Professional Law Corporation,Buena Park,CA,P10016082465403,35-3021,"Combined Food Preparation and Serving Workers, Including Fast Food",Level I,18262.00,Year,OES,,2016-06-02,2016-08-31,"18,803.00",,Year,New Brunswick,NJ,08901,Food Service Worker,,,,False,,,False,,False,,False,,,,True,,,,True,False,False,True,False,False,,False,False,,,,,2016-07-14,2016-08-19,True,Home News Tribune,2016-07-31,Home News Tribune,True,2016-08-07,,,,,,,,,,,,,,,,,,,,,False,A,Y,False,,SEOUL,,08634,SOUTH KOREA,SOUTH KOREA,,,,,,,A,A,A,A,False,Attorney,Chief Legal Officer,722513,Limited-Service Restaurants,"Combined Food Preparation and Serving Workers, Including Fast Food"
  A-16271-56548,2016-10-03,Withdrawn,2016-09-27,False,,,False,CORPORATE COMPUTER SERVICES INC,24155 DRAKE ROAD,SUITE 110,FARMINGTON HILLS,MI,UNITED STATES OF AMERICA,48335,2488880444,109,148,1998,False,Dehai Tao P.C.,Ann Arbor,MI,P-100-16156-049,15-1132,"Software Developers, Applications",Level III,85883.00,Year,OES,,2016-09-23,2017-06-30,"85,910.00",,Year,Farmington Hills,MI,48335,Business Analyst,Master's,,Computer Science,False,,,True,6,True,Business or Finance,False,,,,True,Business or Finance,6,Programmer/Analyst or Software Engineer or IT Consultant,True,False,False,True,False,False,,True,False,,,,,2016-04-22,2016-05-22,True,The Detroit Free Press,2016-04-24,The Detroit Free Press,True,2016-05-01,,,,,2016-06-06,2016-07-06,,,2016-04-24,2016-05-23,,,2016-06-04,2016-07-04,,,,,,,False,A,Y,False,,COPLEY,OH,44321,INDIA,INDIA,H-1B,Master's,,FINANCE,2011,THE UNIVERSITY OF HOUSTON,A,Y,A,Y,False,Attorney,HR Director,54151,Computer Systems Design and Related Services,"Software Developer, Applications"
$ head 2018.csv
  CASE_NUMBER,DECISION_DATE,CASE_STATUS,CASE_RECEIVED_DATE,REFILE,ORIG_FILE_DATE,ORIG_CASE_NO,SCHD_A_SHEEPHERDER,EMPLOYER_NAME,EMPLOYER_ADDRESS_1,EMPLOYER_ADDRESS_2,EMPLOYER_CITY,EMPLOYER_STATE,EMPLOYER_COUNTRY,EMPLOYER_POSTAL_CODE,EMPLOYER_PHONE,EMPLOYER_PHONE_EXT,EMPLOYER_NUM_EMPLOYEES,EMPLOYER_YR_ESTAB,FW_OWNERSHIP_INTEREST,AGENT_FIRM_NAME,AGENT_CITY,AGENT_STATE,PW_TRACK_NUM,PW_SOC_CODE,PW_SOC_TITLE,PW_LEVEL_9089,PW_AMOUNT_9089,PW_UNIT_OF_PAY_9089,PW_SOURCE_NAME_9089,PW_SOURCE_NAME_OTHER_9089,PW_DETERM_DATE,PW_EXPIRE_DATE,WAGE_OFFER_FROM_9089,WAGE_OFFER_TO_9089,WAGE_OFFER_UNIT_OF_PAY_9089,JOB_INFO_WORK_CITY,JOB_INFO_WORK_STATE,JOB_INFO_WORK_POSTAL_CODE,JOB_INFO_JOB_TITLE,JOB_INFO_EDUCATION,JOB_INFO_EDUCATION_OTHER,JOB_INFO_MAJOR,JOB_INFO_TRAINING,JOB_INFO_TRAINING_NUM_MONTHS,JOB_INFO_TRAINING_FIELD,JOB_INFO_EXPERIENCE,JOB_INFO_EXPERIENCE_NUM_MONTHS,JOB_INFO_ALT_FIELD,JOB_INFO_ALT_FIELD_NAME,JOB_INFO_ALT_COMBO_ED_EXP,JOB_INFO_ALT_COMBO_ED,JOB_INFO_ALT_COMBO_ED_OTHER,JOB_INFO_ALT_CMB_ED_OTH_YRS,JOB_INFO_FOREIGN_ED,JOB_INFO_ALT_OCC,JOB_INFO_ALT_OCC_NUM_MONTHS,JOB_INFO_ALT_OCC_JOB_TITLE,JOB_INFO_JOB_REQ_NORMAL,JOB_INFO_FOREIGN_LANG_REQ,JOB_INFO_COMBO_OCCUPATION,JI_OFFERED_TO_SEC_J_FW,JI_FW_LIVE_ON_PREMISES,JI_LIVE_IN_DOMESTIC_SERVICE,JI_LIVE_IN_DOM_SVC_CONTRACT,RECR_INFO_PROFESSIONAL_OCC,RECR_INFO_COLL_UNIV_TEACHER,RECR_INFO_COLL_TEACH_COMP_PROC,RI_COLL_TCH_BASIC_PROCESS,RI_COLL_TEACH_SELECT_DATE,RI_COLL_TEACH_PRO_JNL,RECR_INFO_SWA_JOB_ORDER_START,RECR_INFO_SWA_JOB_ORDER_END,RECR_INFO_SUNDAY_NEWSPAPER,RI_1ST_AD_NEWSPAPER_NAME,RECR_INFO_FIRST_AD_START,RI_2ND_AD_NEWSPAPER_NAME,RI_2ND_AD_NEWSPAPER_OR_JOURNAL,RECR_INFO_SECOND_AD_START,RECR_INFO_JOB_FAIR_FROM,RECR_INFO_JOB_FAIR_TO,RECR_INFO_ON_CAMPUS_RECR_FROM,RECR_INFO_ON_CAMPUS_RECR_TO,RI_EMPLOYER_WEB_POST_FROM,RI_EMPLOYER_WEB_POST_TO,RECR_INFO_PRO_ORG_ADVERT_FROM,RECR_INFO_PRO_ORG_ADVERT_TO,RI_JOB_SEARCH_WEBSITE_FROM,RI_JOB_SEARCH_WEBSITE_TO,RI_PVT_EMPLOYMENT_FIRM_FROM,RI_PVT_EMPLOYMENT_FIRM_TO,RI_EMPLOYEE_REFERRAL_PROG_FROM,RI_EMPLOYEE_REFERRAL_PROG_TO,RI_CAMPUS_PLACEMENT_FROM,RI_CAMPUS_PLACEMENT_TO,RI_LOCAL_ETHNIC_PAPER_FROM,RI_LOCAL_ETHNIC_PAPER_TO,RECR_INFO_RADIO_TV_AD_FROM,RECR_INFO_RADIO_TV_AD_TO,RECR_INFO_EMPLOYER_REC_PAYMENT,RECR_INFO_BARG_REP_NOTIFIED,RI_POSTED_NOTICE_AT_WORKSITE,RI_LAYOFF_IN_PAST_SIX_MONTHS,RI_US_WORKERS_CONSIDERED,FOREIGN_WORKER_INFO_CITY,FOREIGN_WORKER_INFO_STATE,FW_INFO_POSTAL_CODE,COUNTRY_OF_CITIZENSHIP,FW_INFO_BIRTH_COUNTRY,CLASS_OF_ADMISSION,FOREIGN_WORKER_INFO_EDUCATION,FW_INFO_EDUCATION_OTHER,FOREIGN_WORKER_INFO_MAJOR,FW_INFO_YR_REL_EDU_COMPLETED,FOREIGN_WORKER_INFO_INST,FW_INFO_TRAINING_COMP,FW_INFO_REQ_EXPERIENCE,FW_INFO_ALT_EDU_EXPERIENCE,FW_INFO_REL_OCCUP_EXP,PREPARER_INFO_EMP_COMPLETED,PREPARER_INFO_TITLE,EMPLOYER_DECL_INFO_TITLE,NAICS_US_CODE,NAICS_US_TITLE,PW_JOB_TITLE_9089,vvvvv,APPLICATION_TYPE,Date_Certified,Date_Denied,Date_Withdrawn
  A-17299-03519,,Final Review,2017-12-31,False,,,False,POLLUX CONSULTANCY SERVICES LLC,20106 BENDING CREEK PL,,TAMPA,FL,UNITED STATES OF AMERICA,33647,813-988-0967,,20,2007,False,"Lamboley Law Firm, LLC",Hamden,CT,P10017171391374,15-1132,"Software Developers, Applications",Level III,89669.00,Year,OES,,2017-09-06,2018-06-30,91000.00,,Year,Tampa,FL,33467,Senior Salesforce Developer,Master's,,Computer Science,False,,,True,24,True,Engineering or related field,True,Bachelor's,,5,True,Engineering or related field,24,Programmer Analyst,False,False,False,True,False,False,,True,False,,,,,2017-06-20,2017-08-19,True,Tampa Bay Times,2017-07-09,Tampa Bay Times,True,2017-07-16,,,,,2017-08-16,2017-12-01,,,2017-07-09,2017-07-29,,,,,,,,,2017-08-28,2017-09-03,False,A,Y,False,,ATLANTA,GA,30067,INDIA,INDIA,H-1B,Bachelor's,,COMPUTER SCIENCE,2006,JAWAHARLAL NEHRU TECHNOLOGICAL UNIVERSITY,A,Y,Y,N,False,Attorney,President,541511,Custom Computer Programming Services,"Software Developers, Applications",,Online,,,
  A-17355-24090,,Sponsorship,2017-12-31,False,,,False,FIRST TENNESSEE BANK N A,165 MADISON AVENUE,,MEMPHIS,TN,UNITED STATES OF AMERICA,38103,9015234444,,4300,1864,False,"Global Immigration Associates, P.C.",Chicago,IL,P10017206459108,15-1132,"Software Developers, Applications",Level IV,95035.00,Year,OES,,2017-10-02,2018-06-30,110000.00,,Year,Memphis,TN,38118,ET Consultant II,Bachelor's,,"Computer Science, Information Technology, or related field",False,,,True,60,False,,False,,,,True,,60,"Computer Systems Analyst, Programmer/Business Systems Analyst, Senior
  Applications Developer, or related",False,False,False,True,False,False,,True,False,,,,,2017-10-12,2017-11-13,True,The Memphis Commercial Appeal,2017-10-22,The Memphis Commercial Appeal,True,2017-10-29,,,,,,,2017-10-25,2017-11-08,2017-10-22,2017-10-31,,,,,,,2017-10-27,2017-10-27,,,False,A,Y,False,A,DEPEW,NY,14043,INDIA,INDIA,H-1B,Bachelor's,,INFORMATION TECHNOLOGY,2004,UNIVERSITY OF MADRAS,A,Y,A,Y,False,Attorney,HR Compliance & Risk Director,522110,Commercial Banking,"Software Developers, Applications",,Online,,,
  A-17365-26475,,Final Review,2017-12-31,False,,,False,FH & HF Torrance 1 LLC,22617 S Vermont Ave,,Torrance,CA,UNITED STATES OF AMERICA,90502,3103204130,,337,2000,False,,Los Angeles,CA,P10017104078540,31-1014,Nursing Assistants,Level I,24211.00,Year,OES,,2017-07-06,2018-06-30,24211.00,24211.00,Year,Torrance,CA,90502,Nursing Assistant,High School,,,False,,,False,,False,,False,,,,True,,,,True,False,False,True,False,False,,False,False,,,,,2017-07-07,2017-08-11,True,Torrance Daily Breeze,2017-08-06,Torrance Daily Breeze,True,2017-08-13,,,,,,,,,,,,,,,,,,,,,False,A,Y,False,,MANILA,,1012,PHILIPPINES,PHILIPPINES,Not in USA,High School,,HIGH SCHOOL,1996,MANILA CATHEDRAL SCHOOL,A,A,A,A,False,ATTORNEY,Human Resources Director,623110,Nursing Care Facilities,Nursing Assistant,,Online,,,

# need to standardize column names and order
# establish key (based on 2008, which has the lowest number of columns at c=25; excluded employer address lines as extraneous, so c=23)
  2008:
    $ data.rename(columns = {'CASE_NUMBER':'case_no','APPLICATION_TYPE':'application_type','DECISION_DATE':'decision_date','CASE_STATUS':'case_status','COUNTRY_OF_CITZENSHIP':'country_of_origin','CLASS_OF_ADMISSION':'class_of_admission','US_ECONOMIC_SECTOR':'us_economic_sector','EMPLOYER_NAME':'employer_name','EMPLOYER_CITY':'employer_city','EMPLOYER_STATE':'employer_state','EMPLOYER_POSTAL_CODE':'employer_zip','2007_NAICS_US_CODE':'naics_code','2007_NAICS_US_TITLE':'naics_title','PW_SOC_CODE':'pw_soc_code','PW_JOB_TITLE_9089':'pw_job_title','PW_LEVEL_9089':'pw_level','PW_AMOUNT_9089':'pw_amount','PW_UNIT_OF_PAY_9089':'pw_unit_of_pay','WAGE_OFFER_FROM_9089':'wage_offer_from','WAGE_OFFER_TO_9089':'wage_offer_to','WAGE_OFFER_UNIT_OF_PAY_9089':'wage_offer_unit_of_pay','JOB_INFO_WORK_CITY':'job_city','JOB_INFO_WORK_STATE':'job_state'})
  2009:
    $ data = data.rename(columns = {'CASE_NUMBER':'case_no','APPLICATION TYPE':'application_type','DECISION DATE':'decision_date','CASE STATUS':'case_status','COUNTRY OF CITZENSHIP':'country_of_origin','CLASS OF ADMISSION':'class_of_admission','US ECONOMIC SECTOR':'us_economic_sector','EMPLOYER NAME':'employer_name','EMPLOYER CITY':'employer_city','EMPLOYER STATE':'employer_state','EMPLOYER POSTAL CODE':'employer_zip','2007 NAICS US CODE':'naics_code','2007 NAICS US TITLE':'naics_title','PW SOC CODE':'pw_soc_code','PW JOB TITLE 9089':'pw_job_title','PW LEVEL 9089':'pw_level','PW AMOUNT 9089':'pw_amount','PW UNIT OF PAY 9089':'pw_unit_of_pay','WAGE OFFER FROM 9089':'wage_offer_from','WAGE OFFER TO 9089':'wage_offer_to','WAGE OFFER UNIT OF PAY 9089':'wage_offer_unit_of_pay','JOB INFO WORK CITY':'job_city','JOB INFO WORK STATE':'job_state'})
  2010:
    $ data = data.rename(columns = {'CASE_NO':'case_no','APPLICATION_TYPE':'application_type','DECISION_DATE':'decision_date','CASE_STATUS':'case_status','COUNTRY_OF_CITZENSHIP':'country_of_origin','CLASS_OF_ADMISSION':'class_of_admission','US_ECONOMIC_SECTOR':'us_economic_sector','EMPLOYER_NAME':'employer_name','EMPLOYER_CITY':'employer_city','EMPLOYER_STATE':'employer_state','EMPLOYER_POSTAL_CODE':'employer_zip','2007_NAICS_US_CODE':'naics_code','2007_NAICS_US_TITLE':'naics_title','PW_SOC_CODE':'pw_soc_code','PW_JOB_TITLE_9089':'pw_job_title','PW_LEVEL_9089':'pw_level','PW_AMOUNT_9089':'pw_amount','PW_UNIT_OF_PAY_9089':'pw_unit_of_pay','WAGE_OFFER_FROM_9089':'wage_offer_from','WAGE_OFFER_TO_9089':'wage_offer_to','WAGE_OFFER_UNIT_OF_PAY_9089':'wage_offer_unit_of_pay','JOB_INFO_WORK_CITY':'job_city','JOB_INFO_WORK_STATE':'job_state'})
  2011:
    $ data = data.rename(columns = {'CASE_NO':'case_no','APPLICATION_TYPE':'application_type','DECISION_DATE':'decision_date','CASE_STATUS':'case_status','COUNTRY_OF_CITZENSHIP':'country_of_origin','CLASS_OF_ADMISSION':'class_of_admission','US_ECONOMIC_SECTOR':'us_economic_sector','EMPLOYER_NAME':'employer_name','EMPLOYER_CITY':'employer_city','EMPLOYER_STATE':'employer_state','EMPLOYER_POSTAL_CODE':'employer_zip','2007_NAICS_US_CODE':'naics_code','2007_NAICS_US_TITLE':'naics_title','PW_SOC_CODE':'pw_soc_code','PW_JOB_TITLE_9089':'pw_job_title','PW_LEVEL_9089':'pw_level','PW_AMOUNT_9089':'pw_amount','PW_UNIT_OF_PAY_9089':'pw_unit_of_pay','WAGE_OFFER_FROM_9089':'wage_offer_from','WAGE_OFFER_TO_9089':'wage_offer_to','WAGE_OFFER_UNIT_OF_PAY_9089':'wage_offer_unit_of_pay','JOB_INFO_WORK_CITY':'job_city','JOB_INFO_WORK_STATE':'job_state'})
  2012:
    $ data = data.rename(columns = {'CASE_NO':'case_no','APPLICATION_TYPE':'application_type','DECISION_DATE':'decision_date','CASE_STATUS':'case_status','COUNTRY_OF_CITZENSHIP':'country_of_origin','CLASS_OF_ADMISSION':'class_of_admission','US_ECONOMIC_SECTOR':'us_economic_sector','EMPLOYER_NAME':'employer_name','EMPLOYER_CITY':'employer_city','EMPLOYER_STATE':'employer_state','EMPLOYER_POSTAL_CODE':'employer_zip','2007_NAICS_US_CODE':'naics_code','2007_NAICS_US_TITLE':'naics_title','PW_SOC_CODE':'pw_soc_code','PW_JOB_TITLE_9089':'pw_job_title','PW_LEVEL_9089':'pw_level','PW_AMOUNT_9089':'pw_amount','PW_UNIT_OF_PAY_9089':'pw_unit_of_pay','WAGE_OFFER_FROM_9089':'wage_offer_from','WAGE_OFFER_TO_9089':'wage_offer_to','WAGE_OFFER_UNIT_OF_PAY_9089':'wage_offer_unit_of_pay','JOB_INFO_WORK_CITY':'job_city','JOB_INFO_WORK_STATE':'job_state'})
  2013:
    $ data = data.rename(columns = {'CASE_NO':'case_no','APPLICATION_TYPE':'application_type','Decision_Date':'decision_date','Case_Status':'case_status','Country_of_Citizenship':'country_of_origin','Class_of_Admission':'class_of_admission','US ECONOMIC SECTOR':'us_economic_sector','Employer_Name':'employer_name','Employer_City':'employer_city','Employer_State':'employer_state','Employer_Postal_Code':'employer_zip','2007_NAICS_US_CODE':'naics_code','2007 NAICS US TITLE':'naics_title','PW_SOC_Code':'pw_soc_code','PW_Job_Title_9089':'pw_job_title','PW_LEVEL_9089':'pw_level','PW_AMOUNT_9089':'pw_amount','PW_Unit_of_Pay_9089':'pw_unit_of_pay','WAGE_OFFERED_FROM_9089':'wage_offer_from','WAGE_OFFERED_TO_9089':'wage_offer_to','Job_Info_Work_City':'job_city','Job_Info_Work_State':'job_state'})
  2014:
    $ data = data.rename(columns = {'CASE_NO':'case_no','APPLICATION_TYPE':'application_type','Decision_Date':'decision_date','Case_Status':'case_status','Country_of_Citizenship':'country_of_origin','Class_of_Admission':'class_of_admission','US ECONOMIC SECTOR':'us_economic_sector','Employer_Name':'employer_name','Employer_City':'employer_city','Employer_State':'employer_state','Employer_Postal_Code':'employer_zip','2007_NAICS_US_CODE':'naics_code','2007 NAICS US TITLE':'naics_title','PW_SOC_Code':'pw_soc_code','PW_Job_Title_9089':'pw_job_title','PW_LEVEL_9089':'pw_level','PW_AMOUNT_9089':'pw_amount','PW_UNIT_OF_PAY_9089':'pw_unit_of_pay','WAGE_OFFERED_FROM_9089':'wage_offer_from','WAGE_OFFERED_TO_9089':'wage_offer_to','WAGE_OFFERED_UNIT_OF_PAY_9089':'wage_offer_unit_of_pay','Job_Info_Work_City':'job_city','Job_Info_Work_State':'job_state'})
  2015:
    $ data = data.rename(columns = {'CASE_NUMBER':'case_no','DECISION_DATE':'decision_date','CASE_STATUS':'case_status','COUNTRY_OF_CITIZENSHIP':'country_of_origin','CLASS_OF_ADMISSION':'class_of_admission','US_ECONOMIC_SECTOR':'us_economic_sector','EMPLOYER_NAME':'employer_name','EMPLOYER_CITY':'employer_city','EMPLOYER_STATE':'employer_state','EMPLOYER_POSTAL_CODE':'employer_zip','NAICS_US_CODE':'naics_code','NAICS_US_TITLE':'naics_title','PW_SOC_CODE':'pw_soc_code','PW_Job_Title_9080':'pw_job_title','PW_LEVEL_9089':'pw_level','PW_AMOUNT_9089':'pw_amount','PW_UNIT_OF_PAY_9089':'pw_unit_of_pay','WAGE_OFFER_FROM_9089':'wage_offer_from','WAGE_OFFER_TO_9089':'wage_offer_to','WAGE_OFFER_UNIT_OF_PAY_9089':'wage_offer_unit_of_pay','JOB_INFO_WORK_CITY':'job_city','JOB_INFO_WORK_STATE':'job_state'})
  2016:
    $ data = data.rename(columns = {'CASE_NUMBER':'case_no','DECISION_DATE':'decision_date','CASE_STATUS':'case_status','COUNTRY_OF_CITIZENSHIP':'country_of_origin','CLASS_OF_ADMISSION':'class_of_admission','US_ECONOMIC_SECTOR':'us_economic_sector','EMPLOYER_NAME':'employer_name','EMPLOYER_CITY':'employer_city','EMPLOYER_STATE':'employer_state','EMPLOYER_POSTAL_CODE':'employer_zip','NAICS_US_CODE':'naics_code','NAICS_US_TITLE':'naics_title','PW_SOC_CODE':'pw_soc_code','PW_Job_Title_9080':'pw_job_title','PW_LEVEL_9089':'pw_level','PW_AMOUNT_9089':'pw_amount','PW_UNIT_OF_PAY_9089':'pw_unit_of_pay','WAGE_OFFER_FROM_9089':'wage_offer_from','WAGE_OFFER_TO_9089':'wage_offer_to','WAGE_OFFER_UNIT_OF_PAY_9089':'wage_offer_unit_of_pay','JOB_INFO_WORK_CITY':'job_city','JOB_INFO_WORK_STATE':'job_state'})
  2017:
    data = data.rename(columns = {'CASE_NUMBER':'case_no','DECISION_DATE':'decision_date','CASE_STATUS':'case_status','COUNTRY_OF_CITIZENSHIP':'country_of_origin','CLASS_OF_ADMISSION':'class_of_admission','US_ECONOMIC_SECTOR':'us_economic_sector','EMPLOYER_NAME':'employer_name','EMPLOYER_CITY':'employer_city','EMPLOYER_STATE':'employer_state','EMPLOYER_POSTAL_CODE':'employer_zip','NAICS_US_CODE':'naics_code','NAICS_US_TITLE':'naics_title','PW_SOC_CODE':'pw_soc_code','PW_Job_Title_9080':'pw_job_title','PW_LEVEL_9089':'pw_level','PW_AMOUNT_9089':'pw_amount','PW_UNIT_OF_PAY_9089':'pw_unit_of_pay','WAGE_OFFER_FROM_9089':'wage_offer_from','WAGE_OFFER_TO_9089':'wage_offer_to','WAGE_OFFER_UNIT_OF_PAY_9089':'wage_offer_unit_of_pay','JOB_INFO_WORK_CITY':'job_city','JOB_INFO_WORK_STATE':'job_state'})
  2018:
    data = data.rename(columns = {'CASE_NUMBER':'case_no','DECISION_DATE':'decision_date','CASE_STATUS':'case_status','COUNTRY_OF_CITIZENSHIP':'country_of_origin','CLASS_OF_ADMISSION':'class_of_admission','US_ECONOMIC_SECTOR':'us_economic_sector','EMPLOYER_NAME':'employer_name','EMPLOYER_CITY':'employer_city','EMPLOYER_STATE':'employer_state','EMPLOYER_POSTAL_CODE':'employer_zip','NAICS_US_CODE':'naics_code','NAICS_US_TITLE':'naics_title','PW_SOC_CODE':'pw_soc_code','PW_Job_Title_9080':'pw_job_title','PW_LEVEL_9089':'pw_level','PW_AMOUNT_9089':'pw_amount','PW_UNIT_OF_PAY_9089':'pw_unit_of_pay','WAGE_OFFER_FROM_9089':'wage_offer_from','WAGE_OFFER_TO_9089':'wage_offer_to','WAGE_OFFER_UNIT_OF_PAY_9089':'wage_offer_unit_of_pay','JOB_INFO_WORK_CITY':'job_city','JOB_INFO_WORK_STATE':'job_state'})

# stack cleaned csv files in command line using csvkit
$ csvstack 2008clean.csv 2009clean.csv 2010clean.csv 2011clean.csv 2012clean.csv 2013clean.csv 2014clean.csv 2015clean.csv 2016clean.csv 2017clean.csv 2018clean.csv > stacked_2008_2018.csv

#select only the columns we want
$ stacked_2008_2018.csv | csvcut -c case_no,decision_date,case_status,country_of_origin,class_of_admission,us_economic_sector,employer_name,employer_city,employer_state,employer_zip,naics_code,naics_title,pw_soc_code,pw_job_title,pw_level,pw_amount,pw_unit_of_pay,wage_offer_from,wage_offer_to,job_city,job_state > cut_2008_2018.csv

#check cut and stacked file
$ head cut_2008_2018.csv
case_no,decision_date,case_status,country_of_origin,class_of_admission,us_economic_sector,employer_name,employer_city,employer_state,employer_zip,naics_code,naics_title,pw_soc_code,pw_job_title,pw_level,pw_amount,pw_unit_of_pay,wage_offer_from,wage_offer_to,job_city,job_state
A-08271-91262,2008-09-29,DENIED,MAURITANIA,A1/A2,UNCLASSIFIED,DC GRILL INC T/A DC CAFE,WASHINGTON,DC,,,UNCLASSIFIED,35-2014.00,UNCLASSIFIED,,,,10.23,,WASHINGTON,DC
C-07327-98303,2007-11-29,DENIED,PAKISTAN,A1/A2,UNCLASSIFIED,NAG INC DBA ENGINEERING SYSTEMS,LOS ANGELES,CA,,,UNCLASSIFIED,19-3051.00,UNCLASSIFIED,,,,54000.0,,LOS ANGELES,CA
A-08029-18103,2008-07-10,CERTIFIED,PHILIPPINES,A-3,UNCLASSIFIED,"UNION ENTERPRISES, INC.",BALTIMORE,MD,,,UNCLASSIFIED,35-1012.00,UNCLASSIFIED,,,,9.8,,BALTIMORE,MD
A-07262-76878,2007-10-15,DENIED,PORTUGAL,A-3,UNCLASSIFIED,"CIVIL CONSTRUCTION, LLC.",CHEVERLY,MD,,,UNCLASSIFIED,47-2051.00,UNCLASSIFIED,,,,11.42,,CHEVERLY,MD
A-08273-91603,2008-09-30,DENIED,SIERRA LEONE,B-1,UNCLASSIFIED,AMSERA GENERAL BEAUTY MERCHANDISE,TEANECK,NJ,,,UNCLASSIFIED,99-9999.99,UNCLASSIFIED,,,,6.0,6.0,TEANECK,NJ
A-08270-90909,2008-09-29,DENIED,HUNGARY,B-1,UNCLASSIFIED,EDWARD SIMON,GREAT NECK,NY,,,UNCLASSIFIED,37-2012.00,UNCLASSIFIED,,,,8.58,,GREAT NECK,NY
A-07127-34355,2008-09-29,CERTIFIED,PHILIPPINES,B-1,UNCLASSIFIED,BOTCHIE I. CERVANTES,VALLEY STREAM,NY,,,UNCLASSIFIED,39-9011.01,UNCLASSIFIED,,,,9.85,,VALLEY STREAM,NY
A-06269-63743,2008-09-26,CERTIFIED,COLOMBIA,B-1,UNCLASSIFIED,CHIQUITA LATINA CORP,EAST HAMPTON,NY,,,UNCLASSIFIED,51-3011.01,UNCLASSIFIED,,,,9.47,,EAST HAMPTON,NY
A-08256-86411,2008-09-17,DENIED,SOUTH AFRICA,B-1,UNCLASSIFIED,ARTHUR MURRAY DANCE STUDIO,WHITE PLAINS,NY,,,UNCLASSIFIED,27-2032.00,UNCLASSIFIED,,,,13.64,,WHITE PLAINS,NY

# looks pretty good, but like a few columns got deleted and turned into null values somehow: employer_zip, naics_code, naics_title, But the important variables are in there: Case status, country of origin, class of admission, us Economic sector, employer name, employer city, employer state ....

# summary statistics:
$ csvstat cut_2008_2018.csv
  1. "case_no"

	Type of data:          Text
	Contains null values:  False
	Unique values:         9
	Longest value:         13 characters
	Most common values:    A-08271-91262 (1x)
	                       C-07327-98303 (1x)
	                       A-08029-18103 (1x)
	                       A-07262-76878 (1x)
	                       A-08273-91603 (1x)

  2. "decision_date"

	Type of data:          Date
	Contains null values:  False
	Unique values:         7
	Smallest value:        2007-10-15
	Largest value:         2008-09-30
	Most common values:    2008-09-29 (3x)
	                       2007-11-29 (1x)
	                       2008-07-10 (1x)
	                       2007-10-15 (1x)
	                       2008-09-30 (1x)

  3. "case_status"

	Type of data:          Text
	Contains null values:  False
	Unique values:         2
	Longest value:         9 characters
	Most common values:    DENIED (6x)
	                       CERTIFIED (3x)

  4. "country_of_origin"

	Type of data:          Text
	Contains null values:  False
	Unique values:         8
	Longest value:         12 characters
	Most common values:    PHILIPPINES (2x)
	                       MAURITANIA (1x)
	                       PAKISTAN (1x)
	                       PORTUGAL (1x)
	                       SIERRA LEONE (1x)

  5. "class_of_admission"

	Type of data:          Text
	Contains null values:  False
	Unique values:         3
	Longest value:         5 characters
	Most common values:    B-1 (5x)
	                       A1/A2 (2x)
	                       A-3 (2x)

  6. "us_economic_sector"

	Type of data:          Text
	Contains null values:  False
	Unique values:         1
	Longest value:         12 characters
	Most common values:    UNCLASSIFIED (9x)

  7. "employer_name"

	Type of data:          Text
	Contains null values:  False
	Unique values:         9
	Longest value:         33 characters
	Most common values:    DC GRILL INC T/A DC CAFE (1x)
	                       NAG INC DBA ENGINEERING SYSTEMS (1x)
	                       UNION ENTERPRISES, INC. (1x)
	                       CIVIL CONSTRUCTION, LLC. (1x)
	                       AMSERA GENERAL BEAUTY MERCHANDISE (1x)

  8. "employer_city"

	Type of data:          Text
	Contains null values:  False
	Unique values:         9
	Longest value:         13 characters
	Most common values:    WASHINGTON (1x)
	                       LOS ANGELES (1x)
	                       BALTIMORE (1x)
	                       CHEVERLY (1x)
	                       TEANECK (1x)

  9. "employer_state"

	Type of data:          Text
	Contains null values:  False
	Unique values:         5
	Longest value:         2 characters
	Most common values:    NY (4x)
	                       MD (2x)
	                       DC (1x)
	                       CA (1x)
	                       NJ (1x)

 **10. "employer_zip"

	Type of data:          Boolean
	Contains null values:  True (excluded from calculations)
	Unique values:         1
	Most common values:    None (9x)

 **11. "naics_code"

	Type of data:          Boolean
	Contains null values:  True (excluded from calculations)
	Unique values:         1
	Most common values:    None (9x)

 **12. "naics_title"

	Type of data:          Text
	Contains null values:  False
	Unique values:         1
	Longest value:         12 characters
	Most common values:    UNCLASSIFIED (9x)

 13. "pw_soc_code"

	Type of data:          Text
	Contains null values:  False
	Unique values:         9
	Longest value:         10 characters
	Most common values:    35-2014.00 (1x)
	                       19-3051.00 (1x)
	                       35-1012.00 (1x)
	                       47-2051.00 (1x)
	                       99-9999.99 (1x)

 14. "pw_job_title"

	Type of data:          Text
	Contains null values:  False
	Unique values:         1
	Longest value:         12 characters
	Most common values:    UNCLASSIFIED (9x)

 **15. "pw_level"

	Type of data:          Boolean
	Contains null values:  True (excluded from calculations)
	Unique values:         1
	Most common values:    None (9x)

 **16. "pw_amount"

	Type of data:          Boolean
	Contains null values:  True (excluded from calculations)
	Unique values:         1
	Most common values:    None (9x)

 **17. "pw_unit_of_pay"

	Type of data:          Boolean
	Contains null values:  True (excluded from calculations)
	Unique values:         1
	Most common values:    None (9x)

 18. "wage_offer_from"

	Type of data:          Number
	Contains null values:  False
	Unique values:         9
	Smallest value:        6
	Largest value:         54,000
	Sum:                   54,078.99
	Mean:                  6,008.777
	Median:                9.85
	StDev:                 17,996.709
	Most common values:    10.23 (1x)
	                       54,000 (1x)
	                       9.8 (1x)
	                       11.42 (1x)
	                       6 (1x)

 **19. "wage_offer_to"

	Type of data:          Number
	Contains null values:  True (excluded from calculations)
	Unique values:         2
	Smallest value:        6
	Largest value:         6
	Sum:                   6
	Mean:                  6
	Median:                6
	Most common values:    None (8x)
	                       6 (1x)

 20. "job_city"

	Type of data:          Text
	Contains null values:  False
	Unique values:         9
	Longest value:         13 characters
	Most common values:    WASHINGTON (1x)
	                       LOS ANGELES (1x)
	                       BALTIMORE (1x)
	                       CHEVERLY (1x)
	                       TEANECK (1x)

 21. "job_state"

	Type of data:          Text
	Contains null values:  False
	Unique values:         5
	Longest value:         2 characters
	Most common values:    NY (4x)
	                       MD (2x)
	                       DC (1x)
	                       CA (1x)
	                       NJ (1x)
  Number of rows: 9

# uh oh, there are only 9 rows of data. something went wrong with the csvcut feature.
# trying again:
$ csvcut stacked_2008_2018.csv | case_no,decision_date,case_status,country_of_origin,class_of_admission,us_economic_sector,employer_name,employer_city,employer_state,employer_zip,naics_code,naics_title,pw_soc_code,pw_job_title,pw_level,pw_amount,pw_unit_of_pay,wage_offer_from,wage_offer_to,job_city,job_state > cut_2008_2018.csv
$ csvstat cut_2008-2018.csv
1. "case_no"

 Type of data:          Text
 Contains null values:  False
 Unique values:         647883
 Longest value:         13 characters
 Most common values:    A-14119-64709 (5x)
                        A-14139-70518 (5x)
                        A-15203-00729 (5x)
                        A-14161-76579 (5x)
                        A-15055-53650 (5x)

 2. "decision_date"

 Type of data:          Text
 Contains null values:  False
 Unique values:         847
 Longest value:         17 characters
 Most common values:    Certified-Expired (353471x)
                        Certified (285546x)
                        Denied (51928x)
                        Withdrawn (31628x)
                        2010-05-19 (1862x)

 3. "case_status"

 Type of data:          Text
 Contains null values:  True (excluded from calculations)
 Unique values:         2044
 Longest value:         17 characters
 Most common values:    ONLINE (177707x)
                        PERM (73207x)
                        Certified-Expired (51041x)
                        Certified (48698x)
                        CERTIFIED-EXPIRED (28113x)

 4. "country_of_origin"

 Type of data:          Text
 Contains null values:  True (excluded from calculations)
 Unique values:         164800
 Longest value:         50 characters
 Most common values:    INDIA (32370x)
                        CALIFORNIA (14566x)
                        New York (12817x)
                        MEXICO (8696x)
                        Redmond (7838x)

 5. "class_of_admission"

 Type of data:          Text
 Contains null values:  True (excluded from calculations)
 Unique values:         1309
 Longest value:         28 characters
 Most common values:    15-1132 (157781x)
                        H-1B (58756x)
                        15-1121 (43833x)
                        INDIA (35478x)
                        CA (30498x)

 6. "us_economic_sector"

 Type of data:          Text
 Contains null values:  True (excluded from calculations)
 Unique values:         1200
 Longest value:         24 characters
 Most common values:    IT (122493x)
                        CA (95541x)
                        TX (47562x)
                        Other Economic Sector (40959x)
                        Advanced Mfg (39786x)

 7. "employer_name"

 Type of data:          Text
 Contains null values:  True (excluded from calculations)
 Unique values:         112106
 Longest value:         100 characters
 Most common values:    None (364518x)
                        False (103093x)
                        MICROSOFT CORPORATION (11913x)
                        COGNIZANT TECHNOLOGY SOLUTIONS US CORPORATION (4918x)
                        INTEL CORPORATION (3543x)

 8. "employer_city"

 Type of data:          Text
 Contains null values:  True (excluded from calculations)
 Unique values:         7524
 Longest value:         35 characters
 Most common values:    False (467681x)
                        NEW YORK (25145x)
                        CALIFORNIA (14830x)
                        REDMOND (9646x)
                        HOUSTON (7989x)

 9. "employer_state"

 Type of data:          Text
 Contains null values:  True (excluded from calculations)
 Unique values:         52997
 Longest value:         100 characters
 Most common values:    CA (51989x)
                        CALIFORNIA (28877x)
                        NY (28162x)
                        NJ (27821x)
                        COGNIZANT TECHNOLOGY SOLUTIONS US CORPORATION (20011x)

10. "employer_zip"

 Type of data:          Text
 Contains null values:  True (excluded from calculations)
 Unique values:         60397
 Longest value:         98 characters
 Most common values:    211 QUALITY CIRCLE (20010x)
                        541511 (13356x)
                        ONE MICROSOFT WAY (11114x)
                        98052 (9634x)
                        2200 MISSION COLLEGE BLVD. (8234x)

11. "naics_code"

 Type of data:          Text
 Contains null values:  True (excluded from calculations)
 Unique values:         7677
 Longest value:         88 characters
 Most common values:    None (380147x)
                        541511 (66139x)
                        541512 (18289x)
                        611310 (16884x)
                        541330 (9162x)

12. "naics_title"

 Type of data:          Text
 Contains null values:  True (excluded from calculations)
 Unique values:         9666
 Longest value:         118 characters
 Most common values:    Custom Computer Programming Services (57314x)
                        IT (24298x)
                        COLLEGE STATION (20095x)
                        NEW YORK (18472x)
                        Computer Systems Design Services (16329x)

13. "pw_soc_code"

 Type of data:          Text
 Contains null values:  True (excluded from calculations)
 Unique values:         1592
 Longest value:         24 characters
 Most common values:    UNITED STATES OF AMERICA (467555x)
                        None (67198x)
                        15-1031.00 (39062x)
                        15-1132 (36221x)
                        15-1051.00 (20835x)

14. "pw_job_title"

 Type of data:          Text
 Contains null values:  True (excluded from calculations)
 Unique values:         30176
 Longest value:         105 characters
 Most common values:    Software Developers, Applications (43059x)
                        Computer Software Engineers, Applications (35276x)
                        Computer Systems Analysts (29713x)
                        77845 (20037x)
                        Computer Software Engineers, Systems Software (13738x)

15. "pw_level"

 Type of data:          Text
 Contains null values:  True (excluded from calculations)
 Unique values:         65357
 Longest value:         100 characters
 Most common values:    Level II (36517x)
                        Software Developers, Applications (33750x)
                        Level I (25548x)
                        LEVEL II (23174x)
                        LEVEL I (21681x)

16. "pw_amount"

 Type of data:          Text
 Contains null values:  True (excluded from calculations)
 Unique values:         16283
 Longest value:         18 characters
 Most common values:    None (442385x)
                        Level II (95437x)
                        Level I (62971x)
                        OES (58643x)
                        Level IV (52689x)

17. "pw_unit_of_pay"

 Type of data:          Text
 Contains null values:  True (excluded from calculations)
 Unique values:         16909
 Longest value:         105 characters
 Most common values:    OES (206102x)
                        YR (32559x)
                        HR (27615x)
                        yr (22958x)
                        Other (15693x)

18. "wage_offer_from"

 Type of data:          Text
 Contains null values:  True (excluded from calculations)
 Unique values:         30123
 Longest value:         18 characters
 Most common values:    yr (61658x)
                        OES (38730x)
                        1994.0 (28903x)
                        1999.0 (21822x)
                        1998.0 (19780x)

19. "wage_offer_to"

 Type of data:          Text
 Contains null values:  True (excluded from calculations)
 Unique values:         20945
 Longest value:         10 characters
 Most common values:    False (465064x)
                        yr (114916x)
                        None (92027x)
                        Year (69120x)
                        hr (37790x)

20. "job_city"

 Type of data:          Text
 Contains null values:  True (excluded from calculations)
 Unique values:         26601
 Longest value:         50 characters
 Most common values:    None (231080x)
                        yr (61414x)
                        New York (39908x)
                        San Francisco (38262x)
                        Boston (17747x)

21. "job_state"

 Type of data:          Text
 Contains null values:  True (excluded from calculations)
 Unique values:         8043
 Longest value:         49 characters
 Most common values:    yr (124178x)
                        CA (110110x)
                        None (90893x)
                        Year (69224x)
                        NY (52294x)

Row count: 904229

# Problem: 2,044 unique values for case_status, where there should be 4
# Several columns transposed for some of the years. Repeat cutting and stacking process, cutting each year first before stacking
  $ csvcut 2008clean.csv -c case_no,decision_date,case_status,country_of_origin,class_of_admission,us_economic_sector,employer_name,employer_city,employer_state,employer_zip,naics_code,naics_title,pw_soc_code,pw_job_title,pw_level,pw_amount,pw_unit_of_pay,wage_offer_from,wage_offer_to,job_city,job_state > 2008cut.csv
# ERRORS:
  2013: 'naics_code' column is invalid.
    Fixed in Python, repeated column renaming process, fixing syntax for naics_code
    √
  2014: 'us_economic_sector' column is invalid.
    Fixed in Python
    √
  2015: 'us_economic_sector' column is invalid.
    It actually doesn't exist in this year's data, or any year after 2015. Excluding.
  $ csvcut 2018clean.csv -c case_no,decision_date,case_status,country_of_origin,class_of_admission,employer_name,employer_city,employer_state,employer_zip,naics_code,naics_title,pw_soc_code,pw_job_title,pw_level,pw_amount,pw_unit_of_pay,wage_offer_from,wage_offer_to,job_city,job_state > 2018cut.csv
# ERRORS:
  2015: pw_job_title is invalid.
    Fixed in Python
    √
    Went ahead and fixed for 2016-2018.

# Re-stack the pre-cut files for each year:
$ csvstack 2008cut.csv 2009cut.csv 2010cut.csv 2011cut.csv 2012cut.csv 2013cut.csv 2014cut.csv 2015cut.csv 2016cut.csv 2017cut.csv 2018cut.csv > 2008_2018_PERM_cut_stacked.csv

# Check summary statistics:
$ csvstat 2008_2018_PERM_cut_stacked.csv
  1. "case_no"

  Type of data:          Text
  Contains null values:  False
  Unique values:         647883
  Longest value:         13 characters
  Most common values:    A-14119-64709 (5x)
                       A-14139-70518 (5x)
                       A-15203-00729 (5x)
                       A-14161-76579 (5x)
                       A-15055-53650 (5x)

  2. "decision_date"

  Type of data:          Date
  Contains null values:  False
  Unique values:         2658
  Smallest value:        2007-10-01
  Largest value:         2016-09-30
  Most common values:    2015-11-19 (5964x)
                       2015-11-20 (3510x)
                       2015-12-07 (3276x)
                       2016-03-08 (3204x)
                       2016-01-26 (2883x)

  3. "case_status"

  Type of data:          Text
  Contains null values:  False
  Unique values:         8
  Longest value:         17 characters
  Most common values:    Certified-Expired (404512x)
                       Certified (334244x)
                       Denied (65723x)
                       Withdrawn (37753x)
                       CERTIFIED-EXPIRED (28113x)

  4. "country_of_origin"

  Type of data:          Text
  Contains null values:  True (excluded from calculations)
  Unique values:         212
  Longest value:         32 characters
  Most common values:    INDIA (455003x)
                       CHINA (66161x)
                       SOUTH KOREA (61084x)
                       CANADA (37388x)
                       MEXICO (32579x)

  5. "class_of_admission"

  Type of data:          Text
  Contains null values:  True (excluded from calculations)
  Unique values:         69
  Longest value:         14 characters
  Most common values:    H-1B (650530x)
                       None (69555x)
                       L-1 (46174x)
                       F-1 (36676x)
                       Not in USA (19492x)

  6. "employer_name"

  Type of data:          Text
  Contains null values:  True (excluded from calculations)
  Unique values:         140952
  Longest value:         100 characters
  Most common values:    COGNIZANT TECHNOLOGY SOLUTIONS US CORPORATION (24929x)
                       MICROSOFT CORPORATION (23020x)
                       INTEL CORPORATION (11740x)
                       GOOGLE INC. (9434x)
                       AMAZON CORPORATE LLC (7153x)

  7. "employer_city"

  Type of data:          Text
  Contains null values:  True (excluded from calculations)
  Unique values:         11042
  Longest value:         35 characters
  Most common values:    NEW YORK (41332x)
                       REDMOND (23921x)
                       SANTA CLARA (21730x)
                       COLLEGE STATION (20713x)
                       SAN JOSE (20667x)

  8. "employer_state"

  Type of data:          Text
  Contains null values:  True (excluded from calculations)
  Unique values:         114
  Longest value:         24 characters
  Most common values:    CA (147530x)
                       CALIFORNIA (66207x)
                       TX (65943x)
                       NJ (57881x)
                       NY (54076x)

  9. "employer_zip"

  Type of data:          Text
  Contains null values:  True (excluded from calculations)
  Unique values:         16652
  Longest value:         10 characters
  Most common values:    98052 (23946x)
                       77845 (20500x)
                       94043 (15530x)
                       95052 (11748x)
                       95134 (10096x)

  10. "naics_code"

  Type of data:          Text
  Contains null values:  True (excluded from calculations)
  Unique values:         2239
  Longest value:         6 characters
  Most common values:    541511 (175328x)
                       541512 (65582x)
                       611310 (34033x)
                       51121 (21375x)
                       541519 (21214x)

  11. "naics_title"

  Type of data:          Text
  Contains null values:  True (excluded from calculations)
  Unique values:         2927
  Longest value:         118 characters
  Most common values:    Custom Computer Programming Services (153147x)
                       None (77623x)
                       Computer Systems Design Services (59623x)
                       Software Publishers (31306x)
                       Colleges, Universities, and Professional Schools (29736x)

  12. "pw_soc_code"

  Type of data:          Text
  Contains null values:  True (excluded from calculations)
  Unique values:         1784
  Longest value:         10 characters
  Most common values:    15-1132 (198791x)
                       15-1121 (55660x)
                       15-1031.00 (52063x)
                       15-1133 (37199x)
                       15-1051.00 (26912x)

  13. "pw_job_title"

  Type of data:          Text
  Contains null values:  True (excluded from calculations)
  Unique values:         32598
  Longest value:         105 characters
  Most common values:    Software Developers, Applications (200856x)
                       Computer Systems Analysts (65714x)
                       Software Developers, Systems Software (37851x)
                       Computer Software Engineers, Applications (24794x)
                       Electronics Engineers, Except Computer (23330x)

  14. "pw_level"

  Type of data:          Text
  Contains null values:  True (excluded from calculations)
  Unique values:         9
  Longest value:         9 characters
  Most common values:    Level II (279290x)
                       Level IV (192456x)
                       Level I (175703x)
                       Level III (141515x)
                       None (55254x)

  15. "pw_amount"

  Type of data:          Number
  Contains null values:  True (excluded from calculations)
  Unique values:         36944
  Smallest value:        5.55
  Largest value:         18,817,760
  Sum:                   67,421,432,205.49
  Mean:                  75,229.67
  Median:                79,102
  StDev:                 86,751.348
  Most common values:    None (8021x)
                       81,765 (6789x)
                       76,378 (4100x)
                       97,219 (3777x)
                       101,088 (3346x)

  16. "pw_unit_of_pay"

  Type of data:          Text
  Contains null values:  True (excluded from calculations)
  Unique values:         16
  Longest value:         9 characters
  Most common values:    Year (568039x)
                       yr (199532x)
                       hr (53786x)
                       YR (32559x)
                       HR (27615x)

  17. "wage_offer_from"

  Type of data:          Text
  Contains null values:  True (excluded from calculations)
  Unique values:         65865
  Longest value:         13 characters
  Most common values:    90000.0 (8553x)
                       100000.0 (6903x)
                       110000.0 (6753x)
                       81765.0 (6692x)
                       80000.0 (6453x)

  18. "wage_offer_to"

  Type of data:          Text
  Contains null values:  True (excluded from calculations)
  Unique values:         24551
  Longest value:         13 characters
  Most common values:    None (676802x)
                       160000.0 (5330x)
                       110000.0 (3992x)
                       120000.0 (3879x)
                       145300.0 (3767x)

  19. "job_city"

  Type of data:          Text
  Contains null values:  True (excluded from calculations)
  Unique values:         15209
  Longest value:         50 characters
  Most common values:    New York (38485x)
                       Redmond (21101x)
                       College Station (19578x)
                       San Jose (17748x)
                       Houston (15968x)

  20. "job_state"

  Type of data:          Text
  Contains null values:  True (excluded from calculations)
  Unique values:         114
  Longest value:         30 characters
  Most common values:    CA (140260x)
                       TX (68336x)
                       CALIFORNIA (62504x)
                       NJ (56774x)
                       NY (55877x)

  Row count: 904229

# Need to standardize capitalization in 'case_status' unique values
# Python:
  data = pd.read_csv('2008_2018_PERM_4-3-18_913PM.csv',low_memory=False)
  from pandas import DataFrame
  df = pd.DataFrame(data, columns = ['case_status'])
  df['case_status'].str.upper()
# New session:
  In[1]: import pandas as pd
  In[2]: data = pd.read_csv('1035PM_4-3-18_2008_2018_PERM.csv',low_memory=False)
  In[3]: data.case_status.describe()
  Out[3]:
    count                904229
    unique                    4
    top       CERTIFIED-EXPIRED
    freq                 432625
    Name: case_status, dtype: object
